Archive member included to satisfy reference by file (symbol)

.\CortexM3\ARM_GCC_541\Debug\baremetal.a(CyLib.o)
                              .\CortexM3\ARM_GCC_541\Debug\Cm3Start.o (CyHalt)
.\CortexM3\ARM_GCC_541\Debug\baremetal.a(cyPm.o)
                              .\CortexM3\ARM_GCC_541\Debug\baremetal.a(CyLib.o) (CyPmReadStatus)
.\CortexM3\ARM_GCC_541\Debug\baremetal.a(SPIM_SD.o)
                              .\CortexM3\ARM_GCC_541\Debug\diskio.o (SPIM_SD_ReadTxStatus)
.\CortexM3\ARM_GCC_541\Debug\baremetal.a(SD_CS.o)
                              .\CortexM3\ARM_GCC_541\Debug\diskio.o (SD_CS_Write)
.\CortexM3\ARM_GCC_541\Debug\baremetal.a(LED_0.o)
                              .\CortexM3\ARM_GCC_541\Debug\main.o (LED_0_Write)
.\CortexM3\ARM_GCC_541\Debug\baremetal.a(LED_1.o)
                              .\CortexM3\ARM_GCC_541\Debug\main.o (LED_1_Write)
.\CortexM3\ARM_GCC_541\Debug\baremetal.a(CyBootAsmGnu.o)
                              .\CortexM3\ARM_GCC_541\Debug\cyfitter_cfg.o (CyDelayCycles)
.\CortexM3\ARM_GCC_541\Debug\baremetal.a(CyFlash.o)
                              .\CortexM3\ARM_GCC_541\Debug\baremetal.a(cyPm.o) (CyFlash_SetWaitCycles)
.\CortexM3\ARM_GCC_541\Debug\baremetal.a(CySpc.o)
                              .\CortexM3\ARM_GCC_541\Debug\baremetal.a(CyFlash.o) (CySpcStart)
c:/program files (x86)/cypress/psoc creator/4.2/psoc creator/import/gnu/arm/5.4.1/bin/../lib/gcc/arm-none-eabi/5.4.1/../../../../arm-none-eabi/lib/armv7-m\libg_nano.a(lib_a-errno.o)
                              .\CortexM3\ARM_GCC_541\Debug\Cm3Start.o (__errno)
c:/program files (x86)/cypress/psoc creator/4.2/psoc creator/import/gnu/arm/5.4.1/bin/../lib/gcc/arm-none-eabi/5.4.1/../../../../arm-none-eabi/lib/armv7-m\libg_nano.a(lib_a-exit.o)
                              c:/program files (x86)/cypress/psoc creator/4.2/psoc creator/import/gnu/arm/5.4.1/bin/../lib/gcc/arm-none-eabi/5.4.1/../../../../arm-none-eabi/lib/armv7-m/crt0.o (exit)
c:/program files (x86)/cypress/psoc creator/4.2/psoc creator/import/gnu/arm/5.4.1/bin/../lib/gcc/arm-none-eabi/5.4.1/../../../../arm-none-eabi/lib/armv7-m\libg_nano.a(lib_a-impure.o)
                              c:/program files (x86)/cypress/psoc creator/4.2/psoc creator/import/gnu/arm/5.4.1/bin/../lib/gcc/arm-none-eabi/5.4.1/../../../../arm-none-eabi/lib/armv7-m\libg_nano.a(lib_a-exit.o) (_global_impure_ptr)
c:/program files (x86)/cypress/psoc creator/4.2/psoc creator/import/gnu/arm/5.4.1/bin/../lib/gcc/arm-none-eabi/5.4.1/../../../../arm-none-eabi/lib/armv7-m\libg_nano.a(lib_a-init.o)
                              c:/program files (x86)/cypress/psoc creator/4.2/psoc creator/import/gnu/arm/5.4.1/bin/../lib/gcc/arm-none-eabi/5.4.1/../../../../arm-none-eabi/lib/armv7-m/crt0.o (__libc_init_array)
c:/program files (x86)/cypress/psoc creator/4.2/psoc creator/import/gnu/arm/5.4.1/bin/../lib/gcc/arm-none-eabi/5.4.1/../../../../arm-none-eabi/lib/armv7-m\libg_nano.a(lib_a-memcpy-stub.o)
                              .\CortexM3\ARM_GCC_541\Debug\cyfitter_cfg.o (memcpy)
c:/program files (x86)/cypress/psoc creator/4.2/psoc creator/import/gnu/arm/5.4.1/bin/../lib/gcc/arm-none-eabi/5.4.1/../../../../arm-none-eabi/lib/armv7-m\libg_nano.a(lib_a-memset.o)
                              c:/program files (x86)/cypress/psoc creator/4.2/psoc creator/import/gnu/arm/5.4.1/bin/../lib/gcc/arm-none-eabi/5.4.1/../../../../arm-none-eabi/lib/armv7-m/crt0.o (memset)

Allocating common symbols
Common symbol       size              file

SPIM_SD_swStatusRx  0x1               .\CortexM3\ARM_GCC_541\Debug\baremetal.a(SPIM_SD.o)
SPIM_SD_swStatusTx  0x1               .\CortexM3\ARM_GCC_541\Debug\baremetal.a(SPIM_SD.o)
dieTemperature      0x2               .\CortexM3\ARM_GCC_541\Debug\baremetal.a(CyFlash.o)

Discarded input sections

 .text          0x00000000        0x0 c:/program files (x86)/cypress/psoc creator/4.2/psoc creator/import/gnu/arm/5.4.1/bin/../lib/gcc/arm-none-eabi/5.4.1/armv7-m/crti.o
 .data          0x00000000        0x0 c:/program files (x86)/cypress/psoc creator/4.2/psoc creator/import/gnu/arm/5.4.1/bin/../lib/gcc/arm-none-eabi/5.4.1/armv7-m/crti.o
 .bss           0x00000000        0x0 c:/program files (x86)/cypress/psoc creator/4.2/psoc creator/import/gnu/arm/5.4.1/bin/../lib/gcc/arm-none-eabi/5.4.1/armv7-m/crti.o
 .data          0x00000000        0x4 c:/program files (x86)/cypress/psoc creator/4.2/psoc creator/import/gnu/arm/5.4.1/bin/../lib/gcc/arm-none-eabi/5.4.1/armv7-m/crtbegin.o
 .text          0x00000000       0x74 c:/program files (x86)/cypress/psoc creator/4.2/psoc creator/import/gnu/arm/5.4.1/bin/../lib/gcc/arm-none-eabi/5.4.1/../../../../arm-none-eabi/lib/armv7-m/crt0.o
 .data          0x00000000        0x0 c:/program files (x86)/cypress/psoc creator/4.2/psoc creator/import/gnu/arm/5.4.1/bin/../lib/gcc/arm-none-eabi/5.4.1/../../../../arm-none-eabi/lib/armv7-m/crt0.o
 .bss           0x00000000        0x0 c:/program files (x86)/cypress/psoc creator/4.2/psoc creator/import/gnu/arm/5.4.1/bin/../lib/gcc/arm-none-eabi/5.4.1/../../../../arm-none-eabi/lib/armv7-m/crt0.o
 .ARM.extab     0x00000000        0x0 c:/program files (x86)/cypress/psoc creator/4.2/psoc creator/import/gnu/arm/5.4.1/bin/../lib/gcc/arm-none-eabi/5.4.1/../../../../arm-none-eabi/lib/armv7-m/crt0.o
 .ARM.exidx     0x00000000        0x8 c:/program files (x86)/cypress/psoc creator/4.2/psoc creator/import/gnu/arm/5.4.1/bin/../lib/gcc/arm-none-eabi/5.4.1/../../../../arm-none-eabi/lib/armv7-m/crt0.o
 .text          0x00000000        0x0 .\CortexM3\ARM_GCC_541\Debug\main.o
 .data          0x00000000        0x0 .\CortexM3\ARM_GCC_541\Debug\main.o
 .bss           0x00000000        0x0 .\CortexM3\ARM_GCC_541\Debug\main.o
 .text          0x00000000        0x0 .\CortexM3\ARM_GCC_541\Debug\diskio.o
 .text          0x00000000        0x0 .\CortexM3\ARM_GCC_541\Debug\ff.o
 .data          0x00000000        0x0 .\CortexM3\ARM_GCC_541\Debug\ff.o
 .text.get_fileinfo
                0x00000000       0x6c .\CortexM3\ARM_GCC_541\Debug\ff.o
 .text.dir_remove
                0x00000000       0x20 .\CortexM3\ARM_GCC_541\Debug\ff.o
 .text.dir_read
                0x00000000       0x60 .\CortexM3\ARM_GCC_541\Debug\ff.o
 .text.f_read   0x00000000      0x174 .\CortexM3\ARM_GCC_541\Debug\ff.o
 .text.f_close  0x00000000       0x24 .\CortexM3\ARM_GCC_541\Debug\ff.o
 .text.f_chdrive
                0x00000000       0x28 .\CortexM3\ARM_GCC_541\Debug\ff.o
 .text.f_chdir  0x00000000       0x5c .\CortexM3\ARM_GCC_541\Debug\ff.o
 .text.f_lseek  0x00000000      0x17c .\CortexM3\ARM_GCC_541\Debug\ff.o
 .text.f_opendir
                0x00000000       0x74 .\CortexM3\ARM_GCC_541\Debug\ff.o
 .text.f_closedir
                0x00000000       0x1c .\CortexM3\ARM_GCC_541\Debug\ff.o
 .text.f_readdir
                0x00000000       0x4c .\CortexM3\ARM_GCC_541\Debug\ff.o
 .text.f_stat   0x00000000       0x40 .\CortexM3\ARM_GCC_541\Debug\ff.o
 .text.f_getfree
                0x00000000       0xd0 .\CortexM3\ARM_GCC_541\Debug\ff.o
 .text.f_truncate
                0x00000000       0xb4 .\CortexM3\ARM_GCC_541\Debug\ff.o
 .text.f_unlink
                0x00000000       0xc4 .\CortexM3\ARM_GCC_541\Debug\ff.o
 .text.f_mkdir  0x00000000      0x10c .\CortexM3\ARM_GCC_541\Debug\ff.o
 .text.f_rename
                0x00000000      0x11c .\CortexM3\ARM_GCC_541\Debug\ff.o
 .text.f_getlabel
                0x00000000       0xa0 .\CortexM3\ARM_GCC_541\Debug\ff.o
 .text.f_setlabel
                0x00000000      0x154 .\CortexM3\ARM_GCC_541\Debug\ff.o
 .text.f_gets   0x00000000       0x50 .\CortexM3\ARM_GCC_541\Debug\ff.o
 .text.f_putc   0x00000000       0x20 .\CortexM3\ARM_GCC_541\Debug\ff.o
 .text.f_printf
                0x00000000      0x24c .\CortexM3\ARM_GCC_541\Debug\ff.o
 .rodata        0x00000000       0x12 .\CortexM3\ARM_GCC_541\Debug\ff.o
 .text          0x00000000        0x0 .\CortexM3\ARM_GCC_541\Debug\ffsystem.o
 .data          0x00000000        0x0 .\CortexM3\ARM_GCC_541\Debug\ffsystem.o
 .bss           0x00000000        0x0 .\CortexM3\ARM_GCC_541\Debug\ffsystem.o
 .text          0x00000000        0x0 .\CortexM3\ARM_GCC_541\Debug\cyfitter_cfg.o
 .data          0x00000000        0x0 .\CortexM3\ARM_GCC_541\Debug\cyfitter_cfg.o
 .bss           0x00000000        0x0 .\CortexM3\ARM_GCC_541\Debug\cyfitter_cfg.o
 .text.SetAnalogRoutingPumps
                0x00000000       0x10 .\CortexM3\ARM_GCC_541\Debug\cyfitter_cfg.o
 .text          0x00000000        0x0 .\CortexM3\ARM_GCC_541\Debug\cymetadata.o
 .data          0x00000000        0x0 .\CortexM3\ARM_GCC_541\Debug\cymetadata.o
 .bss           0x00000000        0x0 .\CortexM3\ARM_GCC_541\Debug\cymetadata.o
 .text          0x00000000        0x0 .\CortexM3\ARM_GCC_541\Debug\Cm3Start.o
 .data          0x00000000        0x4 .\CortexM3\ARM_GCC_541\Debug\Cm3Start.o
 .bss           0x00000000        0x0 .\CortexM3\ARM_GCC_541\Debug\Cm3Start.o
 .text._exit    0x00000000        0xc .\CortexM3\ARM_GCC_541\Debug\Cm3Start.o
 .text._sbrk    0x00000000       0x30 .\CortexM3\ARM_GCC_541\Debug\Cm3Start.o
 .text          0x00000000        0x0 .\CortexM3\ARM_GCC_541\Debug\baremetal.a(CyLib.o)
 .bss           0x00000000       0x1c .\CortexM3\ARM_GCC_541\Debug\baremetal.a(CyLib.o)
 .text.CyUSB_PowerOnCheck
                0x00000000       0x48 .\CortexM3\ARM_GCC_541\Debug\baremetal.a(CyLib.o)
 .text.CyBusClk_Internal_SetDivider
                0x00000000       0x48 .\CortexM3\ARM_GCC_541\Debug\baremetal.a(CyLib.o)
 .text.CyPLL_OUT_Stop
                0x00000000       0x10 .\CortexM3\ARM_GCC_541\Debug\baremetal.a(CyLib.o)
 .text.CyIMO_Stop
                0x00000000       0x1c .\CortexM3\ARM_GCC_541\Debug\baremetal.a(CyLib.o)
 .text.CyIMO_EnableDoubler
                0x00000000       0x10 .\CortexM3\ARM_GCC_541\Debug\baremetal.a(CyLib.o)
 .text.CyIMO_DisableDoubler
                0x00000000       0x10 .\CortexM3\ARM_GCC_541\Debug\baremetal.a(CyLib.o)
 .text.CyMasterClk_SetSource
                0x00000000       0x18 .\CortexM3\ARM_GCC_541\Debug\baremetal.a(CyLib.o)
 .text.CyMasterClk_SetDivider
                0x00000000        0xc .\CortexM3\ARM_GCC_541\Debug\baremetal.a(CyLib.o)
 .text.CyBusClk_SetDivider
                0x00000000       0x70 .\CortexM3\ARM_GCC_541\Debug\baremetal.a(CyLib.o)
 .text.CyUsbClk_SetSource
                0x00000000       0x18 .\CortexM3\ARM_GCC_541\Debug\baremetal.a(CyLib.o)
 .text.CyILO_Start1K
                0x00000000       0x10 .\CortexM3\ARM_GCC_541\Debug\baremetal.a(CyLib.o)
 .text.CyILO_Stop1K
                0x00000000       0x10 .\CortexM3\ARM_GCC_541\Debug\baremetal.a(CyLib.o)
 .text.CyILO_Start100K
                0x00000000       0x10 .\CortexM3\ARM_GCC_541\Debug\baremetal.a(CyLib.o)
 .text.CyILO_Stop100K
                0x00000000       0x10 .\CortexM3\ARM_GCC_541\Debug\baremetal.a(CyLib.o)
 .text.CyPLL_OUT_Start
                0x00000000       0x78 .\CortexM3\ARM_GCC_541\Debug\baremetal.a(CyLib.o)
 .text.CyIMO_Start
                0x00000000       0x60 .\CortexM3\ARM_GCC_541\Debug\baremetal.a(CyLib.o)
 .text.CyILO_Enable33K
                0x00000000       0x10 .\CortexM3\ARM_GCC_541\Debug\baremetal.a(CyLib.o)
 .text.CyILO_Disable33K
                0x00000000       0x10 .\CortexM3\ARM_GCC_541\Debug\baremetal.a(CyLib.o)
 .text.CyILO_SetSource
                0x00000000       0x18 .\CortexM3\ARM_GCC_541\Debug\baremetal.a(CyLib.o)
 .text.CyILO_SetPowerMode
                0x00000000       0x24 .\CortexM3\ARM_GCC_541\Debug\baremetal.a(CyLib.o)
 .text.CyXTAL_32KHZ_Stop
                0x00000000       0x30 .\CortexM3\ARM_GCC_541\Debug\baremetal.a(CyLib.o)
 .text.CyXTAL_32KHZ_ReadStatus
                0x00000000       0x10 .\CortexM3\ARM_GCC_541\Debug\baremetal.a(CyLib.o)
 .text.CyXTAL_Start
                0x00000000       0xac .\CortexM3\ARM_GCC_541\Debug\baremetal.a(CyLib.o)
 .text.CyXTAL_Stop
                0x00000000       0x10 .\CortexM3\ARM_GCC_541\Debug\baremetal.a(CyLib.o)
 .text.CyXTAL_EnableErrStatus
                0x00000000       0x10 .\CortexM3\ARM_GCC_541\Debug\baremetal.a(CyLib.o)
 .text.CyXTAL_DisableErrStatus
                0x00000000       0x10 .\CortexM3\ARM_GCC_541\Debug\baremetal.a(CyLib.o)
 .text.CyXTAL_ReadStatus
                0x00000000       0x18 .\CortexM3\ARM_GCC_541\Debug\baremetal.a(CyLib.o)
 .text.CyXTAL_EnableFaultRecovery
                0x00000000       0x10 .\CortexM3\ARM_GCC_541\Debug\baremetal.a(CyLib.o)
 .text.CyXTAL_DisableFaultRecovery
                0x00000000       0x10 .\CortexM3\ARM_GCC_541\Debug\baremetal.a(CyLib.o)
 .text.CyXTAL_SetStartup
                0x00000000       0x18 .\CortexM3\ARM_GCC_541\Debug\baremetal.a(CyLib.o)
 .text.CyXTAL_SetFbVoltage
                0x00000000       0x18 .\CortexM3\ARM_GCC_541\Debug\baremetal.a(CyLib.o)
 .text.CyXTAL_SetWdVoltage
                0x00000000       0x18 .\CortexM3\ARM_GCC_541\Debug\baremetal.a(CyLib.o)
 .text.CyHalt   0x00000000        0x4 .\CortexM3\ARM_GCC_541\Debug\baremetal.a(CyLib.o)
 .text.CyPLL_OUT_SetPQ
                0x00000000       0x60 .\CortexM3\ARM_GCC_541\Debug\baremetal.a(CyLib.o)
 .text.CyPLL_OUT_SetSource
                0x00000000       0x34 .\CortexM3\ARM_GCC_541\Debug\baremetal.a(CyLib.o)
 .text.CyIMO_SetTrimValue
                0x00000000       0xcc .\CortexM3\ARM_GCC_541\Debug\baremetal.a(CyLib.o)
 .text.CyIMO_SetFreq
                0x00000000       0xf4 .\CortexM3\ARM_GCC_541\Debug\baremetal.a(CyLib.o)
 .text.CyIMO_SetSource
                0x00000000       0x58 .\CortexM3\ARM_GCC_541\Debug\baremetal.a(CyLib.o)
 .text.CySoftwareReset
                0x00000000       0x10 .\CortexM3\ARM_GCC_541\Debug\baremetal.a(CyLib.o)
 .text.CyXTAL_32KHZ_SetPowerMode
                0x00000000       0x84 .\CortexM3\ARM_GCC_541\Debug\baremetal.a(CyLib.o)
 .text.CyXTAL_32KHZ_Start
                0x00000000       0x74 .\CortexM3\ARM_GCC_541\Debug\baremetal.a(CyLib.o)
 .text.CyDelayFreq
                0x00000000       0x4c .\CortexM3\ARM_GCC_541\Debug\baremetal.a(CyLib.o)
 .text.CyWdtStart
                0x00000000       0x40 .\CortexM3\ARM_GCC_541\Debug\baremetal.a(CyLib.o)
 .text.CyWdtClear
                0x00000000        0xc .\CortexM3\ARM_GCC_541\Debug\baremetal.a(CyLib.o)
 .text.CyVdStickyStatus
                0x00000000       0x2c .\CortexM3\ARM_GCC_541\Debug\baremetal.a(CyLib.o)
 .text.CyVdLvDigitEnable
                0x00000000       0x84 .\CortexM3\ARM_GCC_541\Debug\baremetal.a(CyLib.o)
 .text.CyVdLvAnalogEnable
                0x00000000       0x80 .\CortexM3\ARM_GCC_541\Debug\baremetal.a(CyLib.o)
 .text.CyVdLvDigitDisable
                0x00000000       0x30 .\CortexM3\ARM_GCC_541\Debug\baremetal.a(CyLib.o)
 .text.CyVdLvAnalogDisable
                0x00000000       0x28 .\CortexM3\ARM_GCC_541\Debug\baremetal.a(CyLib.o)
 .text.CyVdHvAnalogEnable
                0x00000000       0x54 .\CortexM3\ARM_GCC_541\Debug\baremetal.a(CyLib.o)
 .text.CyVdHvAnalogDisable
                0x00000000       0x20 .\CortexM3\ARM_GCC_541\Debug\baremetal.a(CyLib.o)
 .text.CyVdRealTimeStatus
                0x00000000       0x1c .\CortexM3\ARM_GCC_541\Debug\baremetal.a(CyLib.o)
 .text.CyDisableInts
                0x00000000       0x1c .\CortexM3\ARM_GCC_541\Debug\baremetal.a(CyLib.o)
 .text.CyEnableInts
                0x00000000       0x18 .\CortexM3\ARM_GCC_541\Debug\baremetal.a(CyLib.o)
 .text.CyFlushCache
                0x00000000       0x44 .\CortexM3\ARM_GCC_541\Debug\baremetal.a(CyLib.o)
 .text.CyIntSetSysVector
                0x00000000       0x28 .\CortexM3\ARM_GCC_541\Debug\baremetal.a(CyLib.o)
 .text.CyIntGetSysVector
                0x00000000       0x20 .\CortexM3\ARM_GCC_541\Debug\baremetal.a(CyLib.o)
 .text.CyIntSetVector
                0x00000000       0x28 .\CortexM3\ARM_GCC_541\Debug\baremetal.a(CyLib.o)
 .text.CyIntGetVector
                0x00000000       0x24 .\CortexM3\ARM_GCC_541\Debug\baremetal.a(CyLib.o)
 .text.CyIntSetPriority
                0x00000000       0x30 .\CortexM3\ARM_GCC_541\Debug\baremetal.a(CyLib.o)
 .text.CyIntGetPriority
                0x00000000       0x20 .\CortexM3\ARM_GCC_541\Debug\baremetal.a(CyLib.o)
 .text.CyIntGetState
                0x00000000       0x24 .\CortexM3\ARM_GCC_541\Debug\baremetal.a(CyLib.o)
 .text.CySysTickStop
                0x00000000       0x10 .\CortexM3\ARM_GCC_541\Debug\baremetal.a(CyLib.o)
 .text.CySysTickEnableInterrupt
                0x00000000       0x10 .\CortexM3\ARM_GCC_541\Debug\baremetal.a(CyLib.o)
 .text.CySysTickEnable
                0x00000000       0x18 .\CortexM3\ARM_GCC_541\Debug\baremetal.a(CyLib.o)
 .text.CySysTickDisableInterrupt
                0x00000000       0x10 .\CortexM3\ARM_GCC_541\Debug\baremetal.a(CyLib.o)
 .text.CySysTickSetReload
                0x00000000       0x10 .\CortexM3\ARM_GCC_541\Debug\baremetal.a(CyLib.o)
 .text.CySysTickGetReload
                0x00000000       0x10 .\CortexM3\ARM_GCC_541\Debug\baremetal.a(CyLib.o)
 .text.CySysTickGetValue
                0x00000000       0x10 .\CortexM3\ARM_GCC_541\Debug\baremetal.a(CyLib.o)
 .text.CySysTickSetClockSource
                0x00000000       0x20 .\CortexM3\ARM_GCC_541\Debug\baremetal.a(CyLib.o)
 .text.CySysTickGetClockSource
                0x00000000       0x10 .\CortexM3\ARM_GCC_541\Debug\baremetal.a(CyLib.o)
 .text.CySysTickGetCountFlag
                0x00000000       0x10 .\CortexM3\ARM_GCC_541\Debug\baremetal.a(CyLib.o)
 .text.CySysTickServiceCallbacks
                0x00000000       0x28 .\CortexM3\ARM_GCC_541\Debug\baremetal.a(CyLib.o)
 .text.CySysTickClear
                0x00000000        0xc .\CortexM3\ARM_GCC_541\Debug\baremetal.a(CyLib.o)
 .text.CySysTickInit
                0x00000000       0x58 .\CortexM3\ARM_GCC_541\Debug\baremetal.a(CyLib.o)
 .text.CySysTickStart
                0x00000000       0x1c .\CortexM3\ARM_GCC_541\Debug\baremetal.a(CyLib.o)
 .text.CySysTickSetCallback
                0x00000000       0x10 .\CortexM3\ARM_GCC_541\Debug\baremetal.a(CyLib.o)
 .text.CySysTickGetCallback
                0x00000000       0x10 .\CortexM3\ARM_GCC_541\Debug\baremetal.a(CyLib.o)
 .text.CyGetUniqueId
                0x00000000       0x70 .\CortexM3\ARM_GCC_541\Debug\baremetal.a(CyLib.o)
 .text          0x00000000        0x0 .\CortexM3\ARM_GCC_541\Debug\baremetal.a(cyPm.o)
 .data          0x00000000        0x0 .\CortexM3\ARM_GCC_541\Debug\baremetal.a(cyPm.o)
 .bss           0x00000000       0x43 .\CortexM3\ARM_GCC_541\Debug\baremetal.a(cyPm.o)
 .text.CyPmHibSlpSaveSet
                0x00000000      0x1dc .\CortexM3\ARM_GCC_541\Debug\baremetal.a(cyPm.o)
 .text.CyPmHibSlpRestore
                0x00000000       0xd8 .\CortexM3\ARM_GCC_541\Debug\baremetal.a(cyPm.o)
 .text.CyPmHviLviSaveDisable
                0x00000000       0xa0 .\CortexM3\ARM_GCC_541\Debug\baremetal.a(cyPm.o)
 .text.CyPmHibSaveSet
                0x00000000       0x98 .\CortexM3\ARM_GCC_541\Debug\baremetal.a(cyPm.o)
 .text.CyPmHviLviRestore
                0x00000000       0x48 .\CortexM3\ARM_GCC_541\Debug\baremetal.a(cyPm.o)
 .text.CyPmHibRestore
                0x00000000       0x60 .\CortexM3\ARM_GCC_541\Debug\baremetal.a(cyPm.o)
 .text.CyPmSaveClocks
                0x00000000      0x218 .\CortexM3\ARM_GCC_541\Debug\baremetal.a(cyPm.o)
 .text.CyPmRestoreClocks
                0x00000000      0x24c .\CortexM3\ARM_GCC_541\Debug\baremetal.a(cyPm.o)
 .text.CyPmAltAct
                0x00000000       0x6c .\CortexM3\ARM_GCC_541\Debug\baremetal.a(cyPm.o)
 .text.CyPmSleep
                0x00000000       0xf4 .\CortexM3\ARM_GCC_541\Debug\baremetal.a(cyPm.o)
 .text.CyPmHibernateEx
                0x00000000       0xf4 .\CortexM3\ARM_GCC_541\Debug\baremetal.a(cyPm.o)
 .text.CyPmHibernate
                0x00000000        0xc .\CortexM3\ARM_GCC_541\Debug\baremetal.a(cyPm.o)
 .text.CyPmReadStatus
                0x00000000       0x30 .\CortexM3\ARM_GCC_541\Debug\baremetal.a(cyPm.o)
 .text.CyPmCtwSetInterval
                0x00000000       0x5c .\CortexM3\ARM_GCC_541\Debug\baremetal.a(cyPm.o)
 .text.CyPmOppsSet
                0x00000000       0x2c .\CortexM3\ARM_GCC_541\Debug\baremetal.a(cyPm.o)
 .text.CyPmFtwSetInterval
                0x00000000       0x5c .\CortexM3\ARM_GCC_541\Debug\baremetal.a(cyPm.o)
 .rodata        0x00000000        0xf .\CortexM3\ARM_GCC_541\Debug\baremetal.a(cyPm.o)
 .text          0x00000000        0x0 .\CortexM3\ARM_GCC_541\Debug\baremetal.a(SPIM_SD.o)
 .data          0x00000000        0x0 .\CortexM3\ARM_GCC_541\Debug\baremetal.a(SPIM_SD.o)
 .text.SPIM_SD_Stop
                0x00000000       0x24 .\CortexM3\ARM_GCC_541\Debug\baremetal.a(SPIM_SD.o)
 .text.SPIM_SD_EnableTxInt
                0x00000000        0x4 .\CortexM3\ARM_GCC_541\Debug\baremetal.a(SPIM_SD.o)
 .text.SPIM_SD_EnableRxInt
                0x00000000        0x4 .\CortexM3\ARM_GCC_541\Debug\baremetal.a(SPIM_SD.o)
 .text.SPIM_SD_DisableTxInt
                0x00000000        0x4 .\CortexM3\ARM_GCC_541\Debug\baremetal.a(SPIM_SD.o)
 .text.SPIM_SD_DisableRxInt
                0x00000000        0x4 .\CortexM3\ARM_GCC_541\Debug\baremetal.a(SPIM_SD.o)
 .text.SPIM_SD_SetTxInterruptMode
                0x00000000        0xc .\CortexM3\ARM_GCC_541\Debug\baremetal.a(SPIM_SD.o)
 .text.SPIM_SD_SetRxInterruptMode
                0x00000000        0xc .\CortexM3\ARM_GCC_541\Debug\baremetal.a(SPIM_SD.o)
 .text.SPIM_SD_GetRxBufferSize
                0x00000000       0x18 .\CortexM3\ARM_GCC_541\Debug\baremetal.a(SPIM_SD.o)
 .text.SPIM_SD_GetTxBufferSize
                0x00000000       0x24 .\CortexM3\ARM_GCC_541\Debug\baremetal.a(SPIM_SD.o)
 .text.SPIM_SD_ClearRxBuffer
                0x00000000       0x1c .\CortexM3\ARM_GCC_541\Debug\baremetal.a(SPIM_SD.o)
 .text.SPIM_SD_ClearTxBuffer
                0x00000000       0x24 .\CortexM3\ARM_GCC_541\Debug\baremetal.a(SPIM_SD.o)
 .text.SPIM_SD_PutArray
                0x00000000       0x20 .\CortexM3\ARM_GCC_541\Debug\baremetal.a(SPIM_SD.o)
 .text.SPIM_SD_EnableInt
                0x00000000        0x4 .\CortexM3\ARM_GCC_541\Debug\baremetal.a(SPIM_SD.o)
 .text.SPIM_SD_DisableInt
                0x00000000        0x4 .\CortexM3\ARM_GCC_541\Debug\baremetal.a(SPIM_SD.o)
 .text.SPIM_SD_SetInterruptMode
                0x00000000       0x14 .\CortexM3\ARM_GCC_541\Debug\baremetal.a(SPIM_SD.o)
 .text.SPIM_SD_ReadStatus
                0x00000000       0x18 .\CortexM3\ARM_GCC_541\Debug\baremetal.a(SPIM_SD.o)
 COMMON         0x00000000        0x2 .\CortexM3\ARM_GCC_541\Debug\baremetal.a(SPIM_SD.o)
 .text          0x00000000        0x0 .\CortexM3\ARM_GCC_541\Debug\baremetal.a(SD_CS.o)
 .data          0x00000000        0x0 .\CortexM3\ARM_GCC_541\Debug\baremetal.a(SD_CS.o)
 .bss           0x00000000        0x0 .\CortexM3\ARM_GCC_541\Debug\baremetal.a(SD_CS.o)
 .text.SD_CS_SetDriveMode
                0x00000000       0x18 .\CortexM3\ARM_GCC_541\Debug\baremetal.a(SD_CS.o)
 .text.SD_CS_Read
                0x00000000       0x10 .\CortexM3\ARM_GCC_541\Debug\baremetal.a(SD_CS.o)
 .text.SD_CS_ReadDataReg
                0x00000000       0x10 .\CortexM3\ARM_GCC_541\Debug\baremetal.a(SD_CS.o)
 .text          0x00000000        0x0 .\CortexM3\ARM_GCC_541\Debug\baremetal.a(LED_0.o)
 .data          0x00000000        0x0 .\CortexM3\ARM_GCC_541\Debug\baremetal.a(LED_0.o)
 .bss           0x00000000        0x0 .\CortexM3\ARM_GCC_541\Debug\baremetal.a(LED_0.o)
 .text.LED_0_SetDriveMode
                0x00000000       0x18 .\CortexM3\ARM_GCC_541\Debug\baremetal.a(LED_0.o)
 .text.LED_0_ReadDataReg
                0x00000000       0x10 .\CortexM3\ARM_GCC_541\Debug\baremetal.a(LED_0.o)
 .text          0x00000000        0x0 .\CortexM3\ARM_GCC_541\Debug\baremetal.a(LED_1.o)
 .data          0x00000000        0x0 .\CortexM3\ARM_GCC_541\Debug\baremetal.a(LED_1.o)
 .bss           0x00000000        0x0 .\CortexM3\ARM_GCC_541\Debug\baremetal.a(LED_1.o)
 .text.LED_1_SetDriveMode
                0x00000000       0x18 .\CortexM3\ARM_GCC_541\Debug\baremetal.a(LED_1.o)
 .text.LED_1_Read
                0x00000000       0x10 .\CortexM3\ARM_GCC_541\Debug\baremetal.a(LED_1.o)
 .text.LED_1_ReadDataReg
                0x00000000       0x10 .\CortexM3\ARM_GCC_541\Debug\baremetal.a(LED_1.o)
 .data          0x00000000        0x0 .\CortexM3\ARM_GCC_541\Debug\baremetal.a(CyBootAsmGnu.o)
 .bss           0x00000000        0x0 .\CortexM3\ARM_GCC_541\Debug\baremetal.a(CyBootAsmGnu.o)
 .text          0x00000000        0x0 .\CortexM3\ARM_GCC_541\Debug\baremetal.a(CyFlash.o)
 .data          0x00000000        0x0 .\CortexM3\ARM_GCC_541\Debug\baremetal.a(CyFlash.o)
 .bss           0x00000000        0x0 .\CortexM3\ARM_GCC_541\Debug\baremetal.a(CyFlash.o)
 .text.CySetTempInt
                0x00000000       0x60 .\CortexM3\ARM_GCC_541\Debug\baremetal.a(CyFlash.o)
 .text.CyFlash_Start
                0x00000000       0x54 .\CortexM3\ARM_GCC_541\Debug\baremetal.a(CyFlash.o)
 .text.CyFlash_Stop
                0x00000000       0x24 .\CortexM3\ARM_GCC_541\Debug\baremetal.a(CyFlash.o)
 .text.CyFlash_EraseRow
                0x00000000       0x78 .\CortexM3\ARM_GCC_541\Debug\baremetal.a(CyFlash.o)
 .text.CyFlashGetSpcAlgorithm
                0x00000000       0x4c .\CortexM3\ARM_GCC_541\Debug\baremetal.a(CyFlash.o)
 .text.CySetTemp
                0x00000000       0x14 .\CortexM3\ARM_GCC_541\Debug\baremetal.a(CyFlash.o)
 .text.CySetFlashEEBuffer
                0x00000000       0x20 .\CortexM3\ARM_GCC_541\Debug\baremetal.a(CyFlash.o)
 .text.CyWriteRowFull
                0x00000000       0xf8 .\CortexM3\ARM_GCC_541\Debug\baremetal.a(CyFlash.o)
 .text.CyWriteRowData
                0x00000000       0x14 .\CortexM3\ARM_GCC_541\Debug\baremetal.a(CyFlash.o)
 .text.CyFlash_SetWaitCycles
                0x00000000       0x7c .\CortexM3\ARM_GCC_541\Debug\baremetal.a(CyFlash.o)
 .text.CyEEPROM_Start
                0x00000000       0x54 .\CortexM3\ARM_GCC_541\Debug\baremetal.a(CyFlash.o)
 .text.CyEEPROM_Stop
                0x00000000       0x24 .\CortexM3\ARM_GCC_541\Debug\baremetal.a(CyFlash.o)
 .text.CyEEPROM_ReadReserve
                0x00000000       0x1c .\CortexM3\ARM_GCC_541\Debug\baremetal.a(CyFlash.o)
 .text.CyEEPROM_ReadRelease
                0x00000000       0x10 .\CortexM3\ARM_GCC_541\Debug\baremetal.a(CyFlash.o)
 COMMON         0x00000000        0x2 .\CortexM3\ARM_GCC_541\Debug\baremetal.a(CyFlash.o)
 .text          0x00000000        0x0 .\CortexM3\ARM_GCC_541\Debug\baremetal.a(CySpc.o)
 .data          0x00000000        0x0 .\CortexM3\ARM_GCC_541\Debug\baremetal.a(CySpc.o)
 .bss           0x00000000        0x8 .\CortexM3\ARM_GCC_541\Debug\baremetal.a(CySpc.o)
 .text.CySpcStart
                0x00000000       0x24 .\CortexM3\ARM_GCC_541\Debug\baremetal.a(CySpc.o)
 .text.CySpcStop
                0x00000000       0x24 .\CortexM3\ARM_GCC_541\Debug\baremetal.a(CySpc.o)
 .text.CySpcReadData
                0x00000000       0x34 .\CortexM3\ARM_GCC_541\Debug\baremetal.a(CySpc.o)
 .text.CySpcLoadMultiByte
                0x00000000       0x78 .\CortexM3\ARM_GCC_541\Debug\baremetal.a(CySpc.o)
 .text.CySpcLoadRow
                0x00000000       0x50 .\CortexM3\ARM_GCC_541\Debug\baremetal.a(CySpc.o)
 .text.CySpcLoadRowFull
                0x00000000       0x80 .\CortexM3\ARM_GCC_541\Debug\baremetal.a(CySpc.o)
 .text.CySpcWriteRow
                0x00000000       0x4c .\CortexM3\ARM_GCC_541\Debug\baremetal.a(CySpc.o)
 .text.CySpcEraseSector
                0x00000000       0x3c .\CortexM3\ARM_GCC_541\Debug\baremetal.a(CySpc.o)
 .text.CySpcEraseRow
                0x00000000       0x4c .\CortexM3\ARM_GCC_541\Debug\baremetal.a(CySpc.o)
 .text.CySpcGetTemp
                0x00000000       0x3c .\CortexM3\ARM_GCC_541\Debug\baremetal.a(CySpc.o)
 .text.CySpcLock
                0x00000000       0x4c .\CortexM3\ARM_GCC_541\Debug\baremetal.a(CySpc.o)
 .text.CySpcUnlock
                0x00000000       0x38 .\CortexM3\ARM_GCC_541\Debug\baremetal.a(CySpc.o)
 .text.CySpcGetAlgorithm
                0x00000000       0x28 .\CortexM3\ARM_GCC_541\Debug\baremetal.a(CySpc.o)
 .text          0x00000000        0x0 c:/program files (x86)/cypress/psoc creator/4.2/psoc creator/import/gnu/arm/5.4.1/bin/../lib/gcc/arm-none-eabi/5.4.1/../../../../arm-none-eabi/lib/armv7-m\libg_nano.a(lib_a-errno.o)
 .data          0x00000000        0x0 c:/program files (x86)/cypress/psoc creator/4.2/psoc creator/import/gnu/arm/5.4.1/bin/../lib/gcc/arm-none-eabi/5.4.1/../../../../arm-none-eabi/lib/armv7-m\libg_nano.a(lib_a-errno.o)
 .bss           0x00000000        0x0 c:/program files (x86)/cypress/psoc creator/4.2/psoc creator/import/gnu/arm/5.4.1/bin/../lib/gcc/arm-none-eabi/5.4.1/../../../../arm-none-eabi/lib/armv7-m\libg_nano.a(lib_a-errno.o)
 .text          0x00000000        0x0 c:/program files (x86)/cypress/psoc creator/4.2/psoc creator/import/gnu/arm/5.4.1/bin/../lib/gcc/arm-none-eabi/5.4.1/../../../../arm-none-eabi/lib/armv7-m\libg_nano.a(lib_a-exit.o)
 .data          0x00000000        0x0 c:/program files (x86)/cypress/psoc creator/4.2/psoc creator/import/gnu/arm/5.4.1/bin/../lib/gcc/arm-none-eabi/5.4.1/../../../../arm-none-eabi/lib/armv7-m\libg_nano.a(lib_a-exit.o)
 .bss           0x00000000        0x0 c:/program files (x86)/cypress/psoc creator/4.2/psoc creator/import/gnu/arm/5.4.1/bin/../lib/gcc/arm-none-eabi/5.4.1/../../../../arm-none-eabi/lib/armv7-m\libg_nano.a(lib_a-exit.o)
 .text.exit     0x00000000       0x28 c:/program files (x86)/cypress/psoc creator/4.2/psoc creator/import/gnu/arm/5.4.1/bin/../lib/gcc/arm-none-eabi/5.4.1/../../../../arm-none-eabi/lib/armv7-m\libg_nano.a(lib_a-exit.o)
 .text          0x00000000        0x0 c:/program files (x86)/cypress/psoc creator/4.2/psoc creator/import/gnu/arm/5.4.1/bin/../lib/gcc/arm-none-eabi/5.4.1/../../../../arm-none-eabi/lib/armv7-m\libg_nano.a(lib_a-impure.o)
 .data          0x00000000        0x0 c:/program files (x86)/cypress/psoc creator/4.2/psoc creator/import/gnu/arm/5.4.1/bin/../lib/gcc/arm-none-eabi/5.4.1/../../../../arm-none-eabi/lib/armv7-m\libg_nano.a(lib_a-impure.o)
 .bss           0x00000000        0x0 c:/program files (x86)/cypress/psoc creator/4.2/psoc creator/import/gnu/arm/5.4.1/bin/../lib/gcc/arm-none-eabi/5.4.1/../../../../arm-none-eabi/lib/armv7-m\libg_nano.a(lib_a-impure.o)
 .rodata._global_impure_ptr
                0x00000000        0x4 c:/program files (x86)/cypress/psoc creator/4.2/psoc creator/import/gnu/arm/5.4.1/bin/../lib/gcc/arm-none-eabi/5.4.1/../../../../arm-none-eabi/lib/armv7-m\libg_nano.a(lib_a-impure.o)
 .text          0x00000000        0x0 c:/program files (x86)/cypress/psoc creator/4.2/psoc creator/import/gnu/arm/5.4.1/bin/../lib/gcc/arm-none-eabi/5.4.1/../../../../arm-none-eabi/lib/armv7-m\libg_nano.a(lib_a-init.o)
 .data          0x00000000        0x0 c:/program files (x86)/cypress/psoc creator/4.2/psoc creator/import/gnu/arm/5.4.1/bin/../lib/gcc/arm-none-eabi/5.4.1/../../../../arm-none-eabi/lib/armv7-m\libg_nano.a(lib_a-init.o)
 .bss           0x00000000        0x0 c:/program files (x86)/cypress/psoc creator/4.2/psoc creator/import/gnu/arm/5.4.1/bin/../lib/gcc/arm-none-eabi/5.4.1/../../../../arm-none-eabi/lib/armv7-m\libg_nano.a(lib_a-init.o)
 .text          0x00000000        0x0 c:/program files (x86)/cypress/psoc creator/4.2/psoc creator/import/gnu/arm/5.4.1/bin/../lib/gcc/arm-none-eabi/5.4.1/../../../../arm-none-eabi/lib/armv7-m\libg_nano.a(lib_a-memcpy-stub.o)
 .data          0x00000000        0x0 c:/program files (x86)/cypress/psoc creator/4.2/psoc creator/import/gnu/arm/5.4.1/bin/../lib/gcc/arm-none-eabi/5.4.1/../../../../arm-none-eabi/lib/armv7-m\libg_nano.a(lib_a-memcpy-stub.o)
 .bss           0x00000000        0x0 c:/program files (x86)/cypress/psoc creator/4.2/psoc creator/import/gnu/arm/5.4.1/bin/../lib/gcc/arm-none-eabi/5.4.1/../../../../arm-none-eabi/lib/armv7-m\libg_nano.a(lib_a-memcpy-stub.o)
 .text          0x00000000        0x0 c:/program files (x86)/cypress/psoc creator/4.2/psoc creator/import/gnu/arm/5.4.1/bin/../lib/gcc/arm-none-eabi/5.4.1/../../../../arm-none-eabi/lib/armv7-m\libg_nano.a(lib_a-memset.o)
 .data          0x00000000        0x0 c:/program files (x86)/cypress/psoc creator/4.2/psoc creator/import/gnu/arm/5.4.1/bin/../lib/gcc/arm-none-eabi/5.4.1/../../../../arm-none-eabi/lib/armv7-m\libg_nano.a(lib_a-memset.o)
 .bss           0x00000000        0x0 c:/program files (x86)/cypress/psoc creator/4.2/psoc creator/import/gnu/arm/5.4.1/bin/../lib/gcc/arm-none-eabi/5.4.1/../../../../arm-none-eabi/lib/armv7-m\libg_nano.a(lib_a-memset.o)
 .text          0x00000000        0x0 c:/program files (x86)/cypress/psoc creator/4.2/psoc creator/import/gnu/arm/5.4.1/bin/../lib/gcc/arm-none-eabi/5.4.1/armv7-m/crtend.o
 .data          0x00000000        0x0 c:/program files (x86)/cypress/psoc creator/4.2/psoc creator/import/gnu/arm/5.4.1/bin/../lib/gcc/arm-none-eabi/5.4.1/armv7-m/crtend.o
 .bss           0x00000000        0x0 c:/program files (x86)/cypress/psoc creator/4.2/psoc creator/import/gnu/arm/5.4.1/bin/../lib/gcc/arm-none-eabi/5.4.1/armv7-m/crtend.o
 .text          0x00000000        0x0 c:/program files (x86)/cypress/psoc creator/4.2/psoc creator/import/gnu/arm/5.4.1/bin/../lib/gcc/arm-none-eabi/5.4.1/armv7-m/crtn.o
 .data          0x00000000        0x0 c:/program files (x86)/cypress/psoc creator/4.2/psoc creator/import/gnu/arm/5.4.1/bin/../lib/gcc/arm-none-eabi/5.4.1/armv7-m/crtn.o
 .bss           0x00000000        0x0 c:/program files (x86)/cypress/psoc creator/4.2/psoc creator/import/gnu/arm/5.4.1/bin/../lib/gcc/arm-none-eabi/5.4.1/armv7-m/crtn.o

Memory Configuration

Name             Origin             Length             Attributes
rom              0x00000000         0x00040000         xr
ram              0x1fff8000         0x00010000         xrw
*default*        0x00000000         0xffffffff

Linker script and memory map

LOAD c:/program files (x86)/cypress/psoc creator/4.2/psoc creator/import/gnu/arm/5.4.1/bin/../lib/gcc/arm-none-eabi/5.4.1/armv7-m/crti.o
LOAD c:/program files (x86)/cypress/psoc creator/4.2/psoc creator/import/gnu/arm/5.4.1/bin/../lib/gcc/arm-none-eabi/5.4.1/armv7-m/crtbegin.o
LOAD c:/program files (x86)/cypress/psoc creator/4.2/psoc creator/import/gnu/arm/5.4.1/bin/../lib/gcc/arm-none-eabi/5.4.1/../../../../arm-none-eabi/lib/armv7-m/crt0.o
START GROUP
LOAD .\CortexM3\ARM_GCC_541\Debug\main.o
LOAD .\CortexM3\ARM_GCC_541\Debug\diskio.o
LOAD .\CortexM3\ARM_GCC_541\Debug\ff.o
LOAD .\CortexM3\ARM_GCC_541\Debug\ffsystem.o
LOAD .\CortexM3\ARM_GCC_541\Debug\cyfitter_cfg.o
LOAD .\CortexM3\ARM_GCC_541\Debug\cymetadata.o
LOAD .\CortexM3\ARM_GCC_541\Debug\Cm3Start.o
LOAD .\CortexM3\ARM_GCC_541\Debug\baremetal.a
LOAD C:\Program Files (x86)\Cypress\PSoC Creator\4.2\PSoC Creator\psoc\content\cycomponentlibrary\CyComponentLibrary.cylib\CortexM3\ARM_GCC_541\Debug\CyComponentLibrary.a
END GROUP
START GROUP
LOAD c:/program files (x86)/cypress/psoc creator/4.2/psoc creator/import/gnu/arm/5.4.1/bin/../lib/gcc/arm-none-eabi/5.4.1/armv7-m\libgcc.a
LOAD c:/program files (x86)/cypress/psoc creator/4.2/psoc creator/import/gnu/arm/5.4.1/bin/../lib/gcc/arm-none-eabi/5.4.1/../../../../arm-none-eabi/lib/armv7-m\libg_nano.a
LOAD c:/program files (x86)/cypress/psoc creator/4.2/psoc creator/import/gnu/arm/5.4.1/bin/../lib/gcc/arm-none-eabi/5.4.1/../../../../arm-none-eabi/lib/armv7-m\libc_nano.a
END GROUP
START GROUP
LOAD c:/program files (x86)/cypress/psoc creator/4.2/psoc creator/import/gnu/arm/5.4.1/bin/../lib/gcc/arm-none-eabi/5.4.1/armv7-m\libgcc.a
LOAD c:/program files (x86)/cypress/psoc creator/4.2/psoc creator/import/gnu/arm/5.4.1/bin/../lib/gcc/arm-none-eabi/5.4.1/../../../../arm-none-eabi/lib/armv7-m\libc_nano.a
END GROUP
LOAD c:/program files (x86)/cypress/psoc creator/4.2/psoc creator/import/gnu/arm/5.4.1/bin/../lib/gcc/arm-none-eabi/5.4.1/armv7-m/crtend.o
LOAD c:/program files (x86)/cypress/psoc creator/4.2/psoc creator/import/gnu/arm/5.4.1/bin/../lib/gcc/arm-none-eabi/5.4.1/armv7-m/crtn.o
START GROUP
LOAD c:/program files (x86)/cypress/psoc creator/4.2/psoc creator/import/gnu/arm/5.4.1/bin/../lib/gcc/arm-none-eabi/5.4.1/armv7-m\libgcc.a
LOAD c:/program files (x86)/cypress/psoc creator/4.2/psoc creator/import/gnu/arm/5.4.1/bin/../lib/gcc/arm-none-eabi/5.4.1/../../../../arm-none-eabi/lib/armv7-m\libc.a
LOAD c:/program files (x86)/cypress/psoc creator/4.2/psoc creator/import/gnu/arm/5.4.1/bin/../lib/gcc/arm-none-eabi/5.4.1/../../../../arm-none-eabi/lib/armv7-m\libnosys.a
END GROUP
                0x00000000                CY_APPL_ORIGIN = 0x0
                0x00000100                CY_FLASH_ROW_SIZE = 0x100
                0x00000020                CY_ECC_ROW_SIZE = 0x20
                0x00000000                CY_EE_IN_BTLDR = 0x0
                0x00000000                CY_APPL_LOADABLE = 0x0
                0x00000800                CY_EE_SIZE = 0x800
                0x00000001                CY_APPL_NUM = 0x1
                0x00000001                CY_APPL_MAX = 0x1
                0x00000040                CY_METADATA_SIZE = 0x40
                0x00000000                CY_APPL_LOADABLE = 0x0
                0x00000000                CY_CHECKSUM_EXCLUDE_SIZE = ALIGN (0x0, CY_FLASH_ROW_SIZE)
                [!provide]                PROVIDE (__cy_heap_start, _end)
                0x00000001                PROVIDE (__cy_region_num, ((__cy_regions_end - __cy_regions) / 0x10))
                0x20008000                PROVIDE (__cy_stack, (ORIGIN (ram) + LENGTH (ram)))
                [!provide]                PROVIDE (__cy_heap_end, (__cy_stack - 0x800))

.cybootloader   0x00000000        0x0
 *(.cybootloader)
                0x00000000                appl1_start = CY_APPL_ORIGIN?CY_APPL_ORIGIN:ALIGN (CY_FLASH_ROW_SIZE)
                0x0001ff00                appl2_start = (appl1_start + ALIGN ((((LENGTH (rom) - appl1_start) - (0x2 * CY_FLASH_ROW_SIZE)) / 0x2), CY_FLASH_ROW_SIZE))
                0x00000000                appl_start = (CY_APPL_NUM == 0x1)?appl1_start:appl2_start
                0x00000000                ecc_offset = ((appl_start / CY_FLASH_ROW_SIZE) * CY_ECC_ROW_SIZE)
                0x00000000                ee_offset = (CY_APPL_LOADABLE && ! (CY_EE_IN_BTLDR))?((CY_EE_SIZE / CY_APPL_MAX) * (CY_APPL_NUM - 0x1)):0x0
                0x00000800                ee_size = (CY_APPL_LOADABLE && ! (CY_EE_IN_BTLDR))?(CY_EE_SIZE / CY_APPL_MAX):CY_EE_SIZE
                [!provide]                PROVIDE (CY_ECC_OFFSET, ecc_offset)

.text           0x00000000     0x208e
 CREATE_OBJECT_SYMBOLS
                0x00000000                PROVIDE (__cy_interrupt_vector, RomVectors)
 *(.romvectors)
 .romvectors    0x00000000       0x10 .\CortexM3\ARM_GCC_541\Debug\Cm3Start.o
                0x00000000                RomVectors
                0x00000001                ASSERT ((. != __cy_interrupt_vector), No interrupt vector)
                0x00000001                ASSERT (CY_APPL_ORIGIN?(SIZEOF (.cybootloader) <= CY_APPL_ORIGIN):0x1, Wrong image location)
                0x00000010                PROVIDE (__cy_reset, Reset)
 *(.text.Reset)
 .text.Reset    0x00000010       0x18 .\CortexM3\ARM_GCC_541\Debug\Cm3Start.o
                0x00000010                Reset
                0x00000001                ASSERT ((. != __cy_reset), No reset code)
 *(.dma_init)
                0x00000001                ASSERT ((((appl_start + .) <= 0x10000) || 0x1), DMA Init must be within the first 64k of flash)
 *(.text .text.* .gnu.linkonce.t.*)
 .text          0x00000028       0x5c c:/program files (x86)/cypress/psoc creator/4.2/psoc creator/import/gnu/arm/5.4.1/bin/../lib/gcc/arm-none-eabi/5.4.1/armv7-m/crtbegin.o
 .text.main     0x00000084       0x7c .\CortexM3\ARM_GCC_541\Debug\main.o
                0x00000084                main
 .text.init_spi
                0x00000100       0x10 .\CortexM3\ARM_GCC_541\Debug\diskio.o
 .text.xchg_spi
                0x00000110       0x18 .\CortexM3\ARM_GCC_541\Debug\diskio.o
 .text.wait_ready
                0x00000128       0x28 .\CortexM3\ARM_GCC_541\Debug\diskio.o
 .text.deselect
                0x00000150       0x10 .\CortexM3\ARM_GCC_541\Debug\diskio.o
 .text.select   0x00000160       0x28 .\CortexM3\ARM_GCC_541\Debug\diskio.o
 .text.send_cmd
                0x00000188       0x88 .\CortexM3\ARM_GCC_541\Debug\diskio.o
 .text.rcvr_spi_multi
                0x00000210       0x1c .\CortexM3\ARM_GCC_541\Debug\diskio.o
 .text.rcvr_datablock
                0x0000022c       0x44 .\CortexM3\ARM_GCC_541\Debug\diskio.o
 .text.xmit_spi_multi
                0x00000270       0x18 .\CortexM3\ARM_GCC_541\Debug\diskio.o
 .text.xmit_datablock
                0x00000288       0x50 .\CortexM3\ARM_GCC_541\Debug\diskio.o
 .text.disk_status
                0x000002d8       0x14 .\CortexM3\ARM_GCC_541\Debug\diskio.o
                0x000002d8                disk_status
 .text.disk_initialize
                0x000002ec      0x160 .\CortexM3\ARM_GCC_541\Debug\diskio.o
                0x000002ec                disk_initialize
 .text.disk_read
                0x0000044c       0x88 .\CortexM3\ARM_GCC_541\Debug\diskio.o
                0x0000044c                disk_read
 .text.disk_write
                0x000004d4       0xac .\CortexM3\ARM_GCC_541\Debug\diskio.o
                0x000004d4                disk_write
 .text.disk_ioctl
                0x00000580      0x234 .\CortexM3\ARM_GCC_541\Debug\diskio.o
                0x00000580                disk_ioctl
 .text.ld_word  0x000007b4        0xc .\CortexM3\ARM_GCC_541\Debug\ff.o
 .text.ld_dword
                0x000007c0       0x18 .\CortexM3\ARM_GCC_541\Debug\ff.o
 .text.st_word  0x000007d8        0x8 .\CortexM3\ARM_GCC_541\Debug\ff.o
 .text.st_dword
                0x000007e0       0x14 .\CortexM3\ARM_GCC_541\Debug\ff.o
 .text.mem_cpy  0x000007f4       0x14 .\CortexM3\ARM_GCC_541\Debug\ff.o
 .text.mem_set  0x00000808        0xc .\CortexM3\ARM_GCC_541\Debug\ff.o
 .text.mem_cmp  0x00000814       0x20 .\CortexM3\ARM_GCC_541\Debug\ff.o
 .text.chk_chr  0x00000834       0x10 .\CortexM3\ARM_GCC_541\Debug\ff.o
 .text.dbc_1st  0x00000844       0x24 .\CortexM3\ARM_GCC_541\Debug\ff.o
 .text.dbc_2nd  0x00000868       0x28 .\CortexM3\ARM_GCC_541\Debug\ff.o
 .text.clst2sect
                0x00000890       0x18 .\CortexM3\ARM_GCC_541\Debug\ff.o
 .text.ld_clust
                0x000008a8       0x24 .\CortexM3\ARM_GCC_541\Debug\ff.o
 .text.st_clust
                0x000008cc       0x24 .\CortexM3\ARM_GCC_541\Debug\ff.o
 .text.create_name
                0x000008f0      0x148 .\CortexM3\ARM_GCC_541\Debug\ff.o
 .text.get_ldnumber
                0x00000a38       0x58 .\CortexM3\ARM_GCC_541\Debug\ff.o
 .text.putc_init
                0x00000a90       0x14 .\CortexM3\ARM_GCC_541\Debug\ff.o
 .text.validate
                0x00000aa4       0x48 .\CortexM3\ARM_GCC_541\Debug\ff.o
 .text.sync_window
                0x00000aec       0x50 .\CortexM3\ARM_GCC_541\Debug\ff.o
 .text.move_window
                0x00000b3c       0x34 .\CortexM3\ARM_GCC_541\Debug\ff.o
 .text.check_fs
                0x00000b70       0x70 .\CortexM3\ARM_GCC_541\Debug\ff.o
 .text.find_volume
                0x00000be0       0x6c .\CortexM3\ARM_GCC_541\Debug\ff.o
 .text.mount_volume
                0x00000c4c      0x2c0 .\CortexM3\ARM_GCC_541\Debug\ff.o
 .text.put_fat  0x00000f0c      0x104 .\CortexM3\ARM_GCC_541\Debug\ff.o
 .text.get_fat  0x00001010       0xd4 .\CortexM3\ARM_GCC_541\Debug\ff.o
 .text.dir_sdi  0x000010e4       0xb4 .\CortexM3\ARM_GCC_541\Debug\ff.o
 .text.create_chain
                0x00001198      0x114 .\CortexM3\ARM_GCC_541\Debug\ff.o
 .text.remove_chain
                0x000012ac       0x7c .\CortexM3\ARM_GCC_541\Debug\ff.o
 .text.dir_clear
                0x00001328       0x54 .\CortexM3\ARM_GCC_541\Debug\ff.o
 .text.dir_next
                0x0000137c       0xd8 .\CortexM3\ARM_GCC_541\Debug\ff.o
 .text.dir_find
                0x00001454       0x58 .\CortexM3\ARM_GCC_541\Debug\ff.o
 .text.follow_path
                0x000014ac       0xbc .\CortexM3\ARM_GCC_541\Debug\ff.o
 .text.dir_alloc
                0x00001568       0x4c .\CortexM3\ARM_GCC_541\Debug\ff.o
 .text.dir_register
                0x000015b4       0x3c .\CortexM3\ARM_GCC_541\Debug\ff.o
 .text.sync_fs  0x000015f0       0x8c .\CortexM3\ARM_GCC_541\Debug\ff.o
 .text.f_mount  0x0000167c       0x54 .\CortexM3\ARM_GCC_541\Debug\ff.o
                0x0000167c                f_mount
 .text.f_open   0x000016d0      0x1d0 .\CortexM3\ARM_GCC_541\Debug\ff.o
                0x000016d0                f_open
 .text.f_write  0x000018a0      0x1ac .\CortexM3\ARM_GCC_541\Debug\ff.o
                0x000018a0                f_write
 .text.putc_bfd
                0x00001a4c       0x40 .\CortexM3\ARM_GCC_541\Debug\ff.o
 .text.putc_flush
                0x00001a8c       0x3c .\CortexM3\ARM_GCC_541\Debug\ff.o
 .text.f_sync   0x00001ac8       0x9c .\CortexM3\ARM_GCC_541\Debug\ff.o
                0x00001ac8                f_sync
 .text.f_puts   0x00001b64       0x28 .\CortexM3\ARM_GCC_541\Debug\ff.o
                0x00001b64                f_puts
 .text.CyClockStartupError
                0x00001b8c        0x4 .\CortexM3\ARM_GCC_541\Debug\cyfitter_cfg.o
 .text.cfg_write_bytes32
                0x00001b90       0x34 .\CortexM3\ARM_GCC_541\Debug\cyfitter_cfg.o
 .text.AnalogSetDefault
                0x00001bc4       0x28 .\CortexM3\ARM_GCC_541\Debug\cyfitter_cfg.o
 .text.CYMEMZERO
                0x00001bec        0xc .\CortexM3\ARM_GCC_541\Debug\cyfitter_cfg.o
 .text.ClockSetup
                0x00001bf8       0xb8 .\CortexM3\ARM_GCC_541\Debug\cyfitter_cfg.o
 .text.CYCONFIGCPY
                0x00001cb0        0x8 .\CortexM3\ARM_GCC_541\Debug\cyfitter_cfg.o
 .text.cyfitter_cfg
                0x00001cb8       0xf0 .\CortexM3\ARM_GCC_541\Debug\cyfitter_cfg.o
                0x00001cb8                cyfitter_cfg
 .text.IntDefaultHandler
                0x00001da8       0x10 .\CortexM3\ARM_GCC_541\Debug\Cm3Start.o
                0x00001da8                IntDefaultHandler
 .text.Start_c  0x00001db8       0x4c .\CortexM3\ARM_GCC_541\Debug\Cm3Start.o
                0x00001db8                Start_c
 .text.initialize_psoc
                0x00001e04       0x68 .\CortexM3\ARM_GCC_541\Debug\Cm3Start.o
                0x00001e04                initialize_psoc
 .text.CyDelay  0x00001e6c       0x2c .\CortexM3\ARM_GCC_541\Debug\baremetal.a(CyLib.o)
                0x00001e6c                CyDelay
 .text.CyDelayUs
                0x00001e98       0x14 .\CortexM3\ARM_GCC_541\Debug\baremetal.a(CyLib.o)
                0x00001e98                CyDelayUs
 .text.SPIM_SD_Enable
                0x00001eac       0x30 .\CortexM3\ARM_GCC_541\Debug\baremetal.a(SPIM_SD.o)
                0x00001eac                SPIM_SD_Enable
 .text.SPIM_SD_ReadTxStatus
                0x00001edc        0xc .\CortexM3\ARM_GCC_541\Debug\baremetal.a(SPIM_SD.o)
                0x00001edc                SPIM_SD_ReadTxStatus
 .text.SPIM_SD_ReadRxStatus
                0x00001ee8        0xc .\CortexM3\ARM_GCC_541\Debug\baremetal.a(SPIM_SD.o)
                0x00001ee8                SPIM_SD_ReadRxStatus
 .text.SPIM_SD_WriteTxData
                0x00001ef4       0x18 .\CortexM3\ARM_GCC_541\Debug\baremetal.a(SPIM_SD.o)
                0x00001ef4                SPIM_SD_WriteTxData
 .text.SPIM_SD_ReadRxData
                0x00001f0c        0xc .\CortexM3\ARM_GCC_541\Debug\baremetal.a(SPIM_SD.o)
                0x00001f0c                SPIM_SD_ReadRxData
 .text.SPIM_SD_ClearFIFO
                0x00001f18       0x3c .\CortexM3\ARM_GCC_541\Debug\baremetal.a(SPIM_SD.o)
                0x00001f18                SPIM_SD_ClearFIFO
 .text.SPIM_SD_Init
                0x00001f54       0x28 .\CortexM3\ARM_GCC_541\Debug\baremetal.a(SPIM_SD.o)
                0x00001f54                SPIM_SD_Init
 .text.SPIM_SD_Start
                0x00001f7c       0x1c .\CortexM3\ARM_GCC_541\Debug\baremetal.a(SPIM_SD.o)
                0x00001f7c                SPIM_SD_Start
 .text.SD_CS_Write
                0x00001f98       0x18 .\CortexM3\ARM_GCC_541\Debug\baremetal.a(SD_CS.o)
                0x00001f98                SD_CS_Write
 .text.LED_0_Write
                0x00001fb0       0x18 .\CortexM3\ARM_GCC_541\Debug\baremetal.a(LED_0.o)
                0x00001fb0                LED_0_Write
 .text.LED_0_Read
                0x00001fc8       0x10 .\CortexM3\ARM_GCC_541\Debug\baremetal.a(LED_0.o)
                0x00001fc8                LED_0_Read
 .text.LED_1_Write
                0x00001fd8       0x18 .\CortexM3\ARM_GCC_541\Debug\baremetal.a(LED_1.o)
                0x00001fd8                LED_1_Write
 .text          0x00001ff0       0x20 .\CortexM3\ARM_GCC_541\Debug\baremetal.a(CyBootAsmGnu.o)
                0x00001ff0                CyDelayCycles
                0x00002000                CyEnterCriticalSection
                0x00002008                CyExitCriticalSection
 .text.__errno  0x00002010        0xc c:/program files (x86)/cypress/psoc creator/4.2/psoc creator/import/gnu/arm/5.4.1/bin/../lib/gcc/arm-none-eabi/5.4.1/../../../../arm-none-eabi/lib/armv7-m\libg_nano.a(lib_a-errno.o)
                0x00002010                __errno
 .text.__libc_init_array
                0x0000201c       0x4c c:/program files (x86)/cypress/psoc creator/4.2/psoc creator/import/gnu/arm/5.4.1/bin/../lib/gcc/arm-none-eabi/5.4.1/../../../../arm-none-eabi/lib/armv7-m\libg_nano.a(lib_a-init.o)
                0x0000201c                __libc_init_array
 .text.memcpy   0x00002068       0x16 c:/program files (x86)/cypress/psoc creator/4.2/psoc creator/import/gnu/arm/5.4.1/bin/../lib/gcc/arm-none-eabi/5.4.1/../../../../arm-none-eabi/lib/armv7-m\libg_nano.a(lib_a-memcpy-stub.o)
                0x00002068                memcpy
 .text.memset   0x0000207e       0x10 c:/program files (x86)/cypress/psoc creator/4.2/psoc creator/import/gnu/arm/5.4.1/bin/../lib/gcc/arm-none-eabi/5.4.1/../../../../arm-none-eabi/lib/armv7-m\libg_nano.a(lib_a-memset.o)
                0x0000207e                memset
 *(.plt)
 *(.gnu.warning)
 *(.glue_7t)
 .glue_7t       0x0000208e        0x0 linker stubs
 *(.glue_7)
 .glue_7        0x0000208e        0x0 linker stubs
 *(.vfp11_veneer)
 .vfp11_veneer  0x0000208e        0x0 linker stubs
 *(.bootloader)
 *(.ARM.extab* .gnu.linkonce.armextab.*)
 *(.gcc_except_table)

.v4_bx          0x00002090        0x0
 .v4_bx         0x00002090        0x0 linker stubs

.iplt           0x00002090        0x0
 .iplt          0x00002090        0x0 c:/program files (x86)/cypress/psoc creator/4.2/psoc creator/import/gnu/arm/5.4.1/bin/../lib/gcc/arm-none-eabi/5.4.1/armv7-m/crtbegin.o

.eh_frame_hdr
 *(.eh_frame_hdr)

.eh_frame       0x00002090        0x4
 *(.eh_frame)
 .eh_frame      0x00002090        0x0 c:/program files (x86)/cypress/psoc creator/4.2/psoc creator/import/gnu/arm/5.4.1/bin/../lib/gcc/arm-none-eabi/5.4.1/armv7-m/crtbegin.o
 .eh_frame      0x00002090        0x4 c:/program files (x86)/cypress/psoc creator/4.2/psoc creator/import/gnu/arm/5.4.1/bin/../lib/gcc/arm-none-eabi/5.4.1/armv7-m/crtend.o
                [!provide]                PROVIDE (__exidx_start, .)

.ARM.exidx
 *(.ARM.exidx* .gnu.linkonce.armexidx.*)
                0x00002094                __exidx_end = .

.rodata         0x00002094       0xb4
 *(.rodata .rodata.* .gnu.linkonce.r.*)
 .rodata.str1.4
                0x00002094       0x1a .\CortexM3\ARM_GCC_541\Debug\main.o
                                 0x1e (size before relaxing)
 *fill*         0x000020ae        0x2 
 .rodata.str1.4
                0x000020b0       0x1c .\CortexM3\ARM_GCC_541\Debug\ff.o
                                 0x1a (size before relaxing)
 .rodata        0x000020cc       0x42 .\CortexM3\ARM_GCC_541\Debug\cyfitter_cfg.o
 .rodata.str1.1
                0x0000210e        0x2 c:/program files (x86)/cypress/psoc creator/4.2/psoc creator/import/gnu/arm/5.4.1/bin/../lib/gcc/arm-none-eabi/5.4.1/../../../../arm-none-eabi/lib/armv7-m\libg_nano.a(lib_a-impure.o)
                0x00002110                . = ALIGN (0x4)
 *(.init)
 .init          0x00002110        0x4 c:/program files (x86)/cypress/psoc creator/4.2/psoc creator/import/gnu/arm/5.4.1/bin/../lib/gcc/arm-none-eabi/5.4.1/armv7-m/crti.o
                0x00002110                _init
 .init          0x00002114        0x8 c:/program files (x86)/cypress/psoc creator/4.2/psoc creator/import/gnu/arm/5.4.1/bin/../lib/gcc/arm-none-eabi/5.4.1/armv7-m/crtn.o
                0x0000211c                . = ALIGN (0x4)
                0x0000211c                __preinit_array_start = .
 *(.preinit_array)
                0x0000211c                __preinit_array_end = .
                0x0000211c                . = ALIGN (0x4)
                0x0000211c                __init_array_start = .
 *(SORT(.init_array.*))
 *(.init_array)
 .init_array    0x0000211c        0x4 c:/program files (x86)/cypress/psoc creator/4.2/psoc creator/import/gnu/arm/5.4.1/bin/../lib/gcc/arm-none-eabi/5.4.1/armv7-m/crtbegin.o
 .init_array    0x00002120        0x4 .\CortexM3\ARM_GCC_541\Debug\Cm3Start.o
                0x00002124                __init_array_end = .
                0x00002124                . = ALIGN (0x4)
 *(.fini)
 .fini          0x00002124        0x4 c:/program files (x86)/cypress/psoc creator/4.2/psoc creator/import/gnu/arm/5.4.1/bin/../lib/gcc/arm-none-eabi/5.4.1/armv7-m/crti.o
                0x00002124                _fini
 .fini          0x00002128        0x8 c:/program files (x86)/cypress/psoc creator/4.2/psoc creator/import/gnu/arm/5.4.1/bin/../lib/gcc/arm-none-eabi/5.4.1/armv7-m/crtn.o
                0x00002130                . = ALIGN (0x4)
                0x00002130                __fini_array_start = .
 *(.fini_array)
 .fini_array    0x00002130        0x4 c:/program files (x86)/cypress/psoc creator/4.2/psoc creator/import/gnu/arm/5.4.1/bin/../lib/gcc/arm-none-eabi/5.4.1/armv7-m/crtbegin.o
 *(SORT(.fini_array.*))
                0x00002134                __fini_array_end = .
                0x00002134                . = ALIGN (0x4)
 *crtbegin.o(.ctors)
 *(EXCLUDE_FILE(*crtend.o) .ctors)
 *(SORT(.ctors.*))
 *crtend.o(.ctors)
                0x00002134                . = ALIGN (0x4)
 *crtbegin.o(.dtors)
 *(EXCLUDE_FILE(*crtend.o) .dtors)
 *(SORT(.dtors.*))
 *crtend.o(.dtors)
                0x00002134                . = ALIGN (0x4)
                0x00002134                __cy_regions = .
                0x00002134        0x4 LONG 0x2148 __cy_region_init_ram
                0x00002138        0x4 LONG 0x1fff80c8 __cy_region_start_data
                0x0000213c        0x4 LONG 0x80 __cy_region_init_size_ram
                0x00002140        0x4 LONG 0x30 __cy_region_zero_size_ram
                0x00002144                __cy_regions_end = .
                0x00002148                . = ALIGN (0x8)
 *fill*         0x00002144        0x4 
                0x00002148                _etext = .

.cy_checksum_exclude
                0x00002148        0x0
 *(.cy_checksum_exclude)

.ramvectors     0x1fff8000       0xc0
                0x1fff8000                __cy_region_start_ram = .
 *(.ramvectors)
 .ramvectors    0x1fff8000       0xc0 .\CortexM3\ARM_GCC_541\Debug\Cm3Start.o
                0x1fff8000                CyRamVectors

.noinit         0x1fff80c0        0x1
 *(.noinit)
 .noinit        0x1fff80c0        0x1 .\CortexM3\ARM_GCC_541\Debug\baremetal.a(CyLib.o)
                0x1fff80c0                CyResetStatus

.data           0x1fff80c8       0x80 load address 0x00002148
                0x1fff80c8                __cy_region_start_data = .
 *(.jcr)
 .jcr           0x1fff80c8        0x0 c:/program files (x86)/cypress/psoc creator/4.2/psoc creator/import/gnu/arm/5.4.1/bin/../lib/gcc/arm-none-eabi/5.4.1/armv7-m/crtbegin.o
 .jcr           0x1fff80c8        0x4 c:/program files (x86)/cypress/psoc creator/4.2/psoc creator/import/gnu/arm/5.4.1/bin/../lib/gcc/arm-none-eabi/5.4.1/armv7-m/crtend.o
 *(.got.plt)
 *(.got)
 *(.shdata)
 *(.data .data.* .gnu.linkonce.d.*)
 .data          0x1fff80cc        0x1 .\CortexM3\ARM_GCC_541\Debug\diskio.o
 *fill*         0x1fff80cd        0x3 
 .data          0x1fff80d0       0x10 .\CortexM3\ARM_GCC_541\Debug\baremetal.a(CyLib.o)
                0x1fff80d0                cydelay_32k_ms
                0x1fff80d4                cydelay_freq_khz
                0x1fff80d8                cydelay_freq_mhz
                0x1fff80dc                cydelay_freq_hz
 .data.impure_data
                0x1fff80e0       0x60 c:/program files (x86)/cypress/psoc creator/4.2/psoc creator/import/gnu/arm/5.4.1/bin/../lib/gcc/arm-none-eabi/5.4.1/../../../../arm-none-eabi/lib/armv7-m\libg_nano.a(lib_a-impure.o)
 .data._impure_ptr
                0x1fff8140        0x4 c:/program files (x86)/cypress/psoc creator/4.2/psoc creator/import/gnu/arm/5.4.1/bin/../lib/gcc/arm-none-eabi/5.4.1/../../../../arm-none-eabi/lib/armv7-m\libg_nano.a(lib_a-impure.o)
                0x1fff8140                _impure_ptr
                0x1fff8148                . = ALIGN (0x8)
 *fill*         0x1fff8144        0x4 
 *(.ram)
                0x1fff8148                _edata = .

.igot.plt       0x1fff8148        0x0 load address 0x000021c8
 .igot.plt      0x1fff8148        0x0 c:/program files (x86)/cypress/psoc creator/4.2/psoc creator/import/gnu/arm/5.4.1/bin/../lib/gcc/arm-none-eabi/5.4.1/armv7-m/crtbegin.o

.bss            0x1fff8148       0x30 load address 0x000021c8
                0x1fff8148                PROVIDE (__bss_start__, .)
 *(.shbss)
 *(.bss .bss.* .gnu.linkonce.b.*)
 .bss           0x1fff8148       0x1c c:/program files (x86)/cypress/psoc creator/4.2/psoc creator/import/gnu/arm/5.4.1/bin/../lib/gcc/arm-none-eabi/5.4.1/armv7-m/crtbegin.o
 .bss           0x1fff8164        0x1 .\CortexM3\ARM_GCC_541\Debug\diskio.o
 *fill*         0x1fff8165        0x3 
 .bss           0x1fff8168        0xa .\CortexM3\ARM_GCC_541\Debug\ff.o
 .bss           0x1fff8172        0x1 .\CortexM3\ARM_GCC_541\Debug\baremetal.a(SPIM_SD.o)
                0x1fff8172                SPIM_SD_initVar
 *(COMMON)
                0x1fff8178                . = ALIGN (0x8)
 *fill*         0x1fff8173        0x5 
 *(.ram.b)
                0x1fff8178                _end = .
                0x1fff8178                __end = .
                0x1fff8178                PROVIDE (end, .)
                0x1fff8178                PROVIDE (__bss_end__, .)
                0x00002148                __cy_region_init_ram = LOADADDR (.data)
                0x00000080                __cy_region_init_size_ram = (_edata - ADDR (.data))
                0x00000030                __cy_region_zero_size_ram = (_end - _edata)

.heap           0x1fff8178     0x8000 load address 0x000021c8
                0x1fff8178                . = _end
                0x20000178                . = (. + 0x8000)
 *fill*         0x1fff8178     0x8000 
                0x20000178                __cy_heap_limit = .

.stack          0x20007800      0x800
                0x20007800                __cy_stack_limit = .
                0x20008000                . = (. + 0x800)
 *fill*         0x20007800      0x800 
                0x00000001                ASSERT ((__cy_stack_limit >= __cy_heap_limit), region RAM overflowed with stack)
                0x00000000                cy_checksum_exclude_size = (CY_APPL_LOADABLE == 0x1)?SIZEOF (.cy_checksum_exclude):0x0
                0x00000001                ASSERT ((cy_checksum_exclude_size <= CY_CHECKSUM_EXCLUDE_SIZE), CY_BOOT: Section .cy_checksum_exclude size exceedes specified limit.)

.cyloadermeta
 *(.cyloadermeta)

.cyloadablemeta
 *(.cyloadablemeta)

.cyconfigecc    0x80000000      0x200
 *(.cyconfigecc)
 .cyconfigecc   0x80000000      0x200 .\CortexM3\ARM_GCC_541\Debug\cymetadata.o
                0x80000000                cy_meta_configecc

.cycustnvl      0x90000000        0x4
 *(.cycustnvl)
 .cycustnvl     0x90000000        0x4 .\CortexM3\ARM_GCC_541\Debug\cymetadata.o
                0x90000000                cy_meta_custnvl

.cywolatch      0x90100000        0x4
 *(.cywolatch)
 .cywolatch     0x90100000        0x4 .\CortexM3\ARM_GCC_541\Debug\cymetadata.o
                0x90100000                cy_meta_wonvl

.cyeeprom       0x90200000        0x0
 *(.cyeeprom)
                0x00000001                ASSERT ((. <= ((0x90200000 + ee_offset) + ee_size)), .cyeeprom data will not fit in EEPROM)

.cyflashprotect
                0x90400000      0x100
 *(.cyflashprotect)
 .cyflashprotect
                0x90400000      0x100 .\CortexM3\ARM_GCC_541\Debug\cymetadata.o
                0x90400000                cy_meta_flashprotect

.cymeta         0x90500000        0xc
 *(.cymeta)
 .cymeta        0x90500000        0xc .\CortexM3\ARM_GCC_541\Debug\cymetadata.o
                0x90500000                cy_metadata

.rel.dyn        0x000021c8        0x0 load address 0x9050000c
 .rel.iplt      0x000021c8        0x0 c:/program files (x86)/cypress/psoc creator/4.2/psoc creator/import/gnu/arm/5.4.1/bin/../lib/gcc/arm-none-eabi/5.4.1/armv7-m/crtbegin.o

.stab
 *(.stab)

.stabstr
 *(.stabstr)

.debug
 *(.debug)

.line
 *(.line)

.debug_srcinfo
 *(.debug_srcinfo)

.debug_sfnames
 *(.debug_sfnames)

.debug_aranges  0x00000000      0x970
 *(.debug_aranges)
 .debug_aranges
                0x00000000       0x20 .\CortexM3\ARM_GCC_541\Debug\main.o
 .debug_aranges
                0x00000020       0x90 .\CortexM3\ARM_GCC_541\Debug\diskio.o
 .debug_aranges
                0x000000b0      0x210 .\CortexM3\ARM_GCC_541\Debug\ff.o
 .debug_aranges
                0x000002c0       0x18 .\CortexM3\ARM_GCC_541\Debug\ffsystem.o
 .debug_aranges
                0x000002d8       0x58 .\CortexM3\ARM_GCC_541\Debug\cyfitter_cfg.o
 .debug_aranges
                0x00000330       0x18 .\CortexM3\ARM_GCC_541\Debug\cymetadata.o
 .debug_aranges
                0x00000348       0x48 .\CortexM3\ARM_GCC_541\Debug\Cm3Start.o
 .debug_aranges
                0x00000390      0x2a0 .\CortexM3\ARM_GCC_541\Debug\baremetal.a(CyLib.o)
 .debug_aranges
                0x00000630       0x98 .\CortexM3\ARM_GCC_541\Debug\baremetal.a(cyPm.o)
 .debug_aranges
                0x000006c8       0xd8 .\CortexM3\ARM_GCC_541\Debug\baremetal.a(SPIM_SD.o)
 .debug_aranges
                0x000007a0       0x38 .\CortexM3\ARM_GCC_541\Debug\baremetal.a(SD_CS.o)
 .debug_aranges
                0x000007d8       0x38 .\CortexM3\ARM_GCC_541\Debug\baremetal.a(LED_0.o)
 .debug_aranges
                0x00000810       0x38 .\CortexM3\ARM_GCC_541\Debug\baremetal.a(LED_1.o)
 .debug_aranges
                0x00000848       0x20 .\CortexM3\ARM_GCC_541\Debug\baremetal.a(CyBootAsmGnu.o)
 .debug_aranges
                0x00000868       0x88 .\CortexM3\ARM_GCC_541\Debug\baremetal.a(CyFlash.o)
 .debug_aranges
                0x000008f0       0x80 .\CortexM3\ARM_GCC_541\Debug\baremetal.a(CySpc.o)

.debug_pubnames
 *(.debug_pubnames)

.debug_info     0x00000000     0x8564
 *(.debug_info .gnu.linkonce.wi.*)
 .debug_info    0x00000000      0x574 .\CortexM3\ARM_GCC_541\Debug\main.o
 .debug_info    0x00000574      0xc6d .\CortexM3\ARM_GCC_541\Debug\diskio.o
 .debug_info    0x000011e1     0x36e5 .\CortexM3\ARM_GCC_541\Debug\ff.o
 .debug_info    0x000048c6       0x72 .\CortexM3\ARM_GCC_541\Debug\ffsystem.o
 .debug_info    0x00004938      0x570 .\CortexM3\ARM_GCC_541\Debug\cyfitter_cfg.o
 .debug_info    0x00004ea8      0x135 .\CortexM3\ARM_GCC_541\Debug\cymetadata.o
 .debug_info    0x00004fdd      0x3bb .\CortexM3\ARM_GCC_541\Debug\Cm3Start.o
 .debug_info    0x00005398     0x1374 .\CortexM3\ARM_GCC_541\Debug\baremetal.a(CyLib.o)
 .debug_info    0x0000670c      0xa2a .\CortexM3\ARM_GCC_541\Debug\baremetal.a(cyPm.o)
 .debug_info    0x00007136      0x493 .\CortexM3\ARM_GCC_541\Debug\baremetal.a(SPIM_SD.o)
 .debug_info    0x000075c9      0x11f .\CortexM3\ARM_GCC_541\Debug\baremetal.a(SD_CS.o)
 .debug_info    0x000076e8      0x11f .\CortexM3\ARM_GCC_541\Debug\baremetal.a(LED_0.o)
 .debug_info    0x00007807      0x11f .\CortexM3\ARM_GCC_541\Debug\baremetal.a(LED_1.o)
 .debug_info    0x00007926       0xa1 .\CortexM3\ARM_GCC_541\Debug\baremetal.a(CyBootAsmGnu.o)
 .debug_info    0x000079c7      0x64d .\CortexM3\ARM_GCC_541\Debug\baremetal.a(CyFlash.o)
 .debug_info    0x00008014      0x550 .\CortexM3\ARM_GCC_541\Debug\baremetal.a(CySpc.o)

.debug_abbrev   0x00000000     0x1465
 *(.debug_abbrev)
 .debug_abbrev  0x00000000      0x16f .\CortexM3\ARM_GCC_541\Debug\main.o
 .debug_abbrev  0x0000016f      0x1f8 .\CortexM3\ARM_GCC_541\Debug\diskio.o
 .debug_abbrev  0x00000367      0x239 .\CortexM3\ARM_GCC_541\Debug\ff.o
 .debug_abbrev  0x000005a0       0x26 .\CortexM3\ARM_GCC_541\Debug\ffsystem.o
 .debug_abbrev  0x000005c6      0x20d .\CortexM3\ARM_GCC_541\Debug\cyfitter_cfg.o
 .debug_abbrev  0x000007d3       0x66 .\CortexM3\ARM_GCC_541\Debug\cymetadata.o
 .debug_abbrev  0x00000839      0x1e8 .\CortexM3\ARM_GCC_541\Debug\Cm3Start.o
 .debug_abbrev  0x00000a21      0x254 .\CortexM3\ARM_GCC_541\Debug\baremetal.a(CyLib.o)
 .debug_abbrev  0x00000c75      0x1ab .\CortexM3\ARM_GCC_541\Debug\baremetal.a(cyPm.o)
 .debug_abbrev  0x00000e20      0x146 .\CortexM3\ARM_GCC_541\Debug\baremetal.a(SPIM_SD.o)
 .debug_abbrev  0x00000f66       0x90 .\CortexM3\ARM_GCC_541\Debug\baremetal.a(SD_CS.o)
 .debug_abbrev  0x00000ff6       0x90 .\CortexM3\ARM_GCC_541\Debug\baremetal.a(LED_0.o)
 .debug_abbrev  0x00001086       0x90 .\CortexM3\ARM_GCC_541\Debug\baremetal.a(LED_1.o)
 .debug_abbrev  0x00001116       0x14 .\CortexM3\ARM_GCC_541\Debug\baremetal.a(CyBootAsmGnu.o)
 .debug_abbrev  0x0000112a      0x1a7 .\CortexM3\ARM_GCC_541\Debug\baremetal.a(CyFlash.o)
 .debug_abbrev  0x000012d1      0x194 .\CortexM3\ARM_GCC_541\Debug\baremetal.a(CySpc.o)

.debug_line     0x00000000     0x30cf
 *(.debug_line)
 .debug_line    0x00000000      0x1b9 .\CortexM3\ARM_GCC_541\Debug\main.o
 .debug_line    0x000001b9      0x4a6 .\CortexM3\ARM_GCC_541\Debug\diskio.o
 .debug_line    0x0000065f     0x10a9 .\CortexM3\ARM_GCC_541\Debug\ff.o
 .debug_line    0x00001708       0x1d .\CortexM3\ARM_GCC_541\Debug\ffsystem.o
 .debug_line    0x00001725      0x1f1 .\CortexM3\ARM_GCC_541\Debug\cyfitter_cfg.o
 .debug_line    0x00001916      0x141 .\CortexM3\ARM_GCC_541\Debug\cymetadata.o
 .debug_line    0x00001a57      0x234 .\CortexM3\ARM_GCC_541\Debug\Cm3Start.o
 .debug_line    0x00001c8b      0x816 .\CortexM3\ARM_GCC_541\Debug\baremetal.a(CyLib.o)
 .debug_line    0x000024a1      0x367 .\CortexM3\ARM_GCC_541\Debug\baremetal.a(cyPm.o)
 .debug_line    0x00002808      0x231 .\CortexM3\ARM_GCC_541\Debug\baremetal.a(SPIM_SD.o)
 .debug_line    0x00002a39       0x92 .\CortexM3\ARM_GCC_541\Debug\baremetal.a(SD_CS.o)
 .debug_line    0x00002acb       0x92 .\CortexM3\ARM_GCC_541\Debug\baremetal.a(LED_0.o)
 .debug_line    0x00002b5d       0x92 .\CortexM3\ARM_GCC_541\Debug\baremetal.a(LED_1.o)
 .debug_line    0x00002bef       0x66 .\CortexM3\ARM_GCC_541\Debug\baremetal.a(CyBootAsmGnu.o)
 .debug_line    0x00002c55      0x21a .\CortexM3\ARM_GCC_541\Debug\baremetal.a(CyFlash.o)
 .debug_line    0x00002e6f      0x260 .\CortexM3\ARM_GCC_541\Debug\baremetal.a(CySpc.o)

.debug_frame    0x00000000     0x1cc0
 *(.debug_frame)
 .debug_frame   0x00000000       0x2c .\CortexM3\ARM_GCC_541\Debug\main.o
 .debug_frame   0x0000002c      0x24c .\CortexM3\ARM_GCC_541\Debug\diskio.o
 .debug_frame   0x00000278      0x8d4 .\CortexM3\ARM_GCC_541\Debug\ff.o
 .debug_frame   0x00000b4c       0xe4 .\CortexM3\ARM_GCC_541\Debug\cyfitter_cfg.o
 .debug_frame   0x00000c30       0xb8 .\CortexM3\ARM_GCC_541\Debug\Cm3Start.o
 .debug_frame   0x00000ce8      0x738 .\CortexM3\ARM_GCC_541\Debug\baremetal.a(CyLib.o)
 .debug_frame   0x00001420      0x1f8 .\CortexM3\ARM_GCC_541\Debug\baremetal.a(cyPm.o)
 .debug_frame   0x00001618      0x1e8 .\CortexM3\ARM_GCC_541\Debug\baremetal.a(SPIM_SD.o)
 .debug_frame   0x00001800       0x50 .\CortexM3\ARM_GCC_541\Debug\baremetal.a(SD_CS.o)
 .debug_frame   0x00001850       0x50 .\CortexM3\ARM_GCC_541\Debug\baremetal.a(LED_0.o)
 .debug_frame   0x000018a0       0x50 .\CortexM3\ARM_GCC_541\Debug\baremetal.a(LED_1.o)
 .debug_frame   0x000018f0      0x194 .\CortexM3\ARM_GCC_541\Debug\baremetal.a(CyFlash.o)
 .debug_frame   0x00001a84      0x180 .\CortexM3\ARM_GCC_541\Debug\baremetal.a(CySpc.o)
 .debug_frame   0x00001c04       0x20 c:/program files (x86)/cypress/psoc creator/4.2/psoc creator/import/gnu/arm/5.4.1/bin/../lib/gcc/arm-none-eabi/5.4.1/../../../../arm-none-eabi/lib/armv7-m\libg_nano.a(lib_a-errno.o)
 .debug_frame   0x00001c24       0x28 c:/program files (x86)/cypress/psoc creator/4.2/psoc creator/import/gnu/arm/5.4.1/bin/../lib/gcc/arm-none-eabi/5.4.1/../../../../arm-none-eabi/lib/armv7-m\libg_nano.a(lib_a-exit.o)
 .debug_frame   0x00001c4c       0x2c c:/program files (x86)/cypress/psoc creator/4.2/psoc creator/import/gnu/arm/5.4.1/bin/../lib/gcc/arm-none-eabi/5.4.1/../../../../arm-none-eabi/lib/armv7-m\libg_nano.a(lib_a-init.o)
 .debug_frame   0x00001c78       0x28 c:/program files (x86)/cypress/psoc creator/4.2/psoc creator/import/gnu/arm/5.4.1/bin/../lib/gcc/arm-none-eabi/5.4.1/../../../../arm-none-eabi/lib/armv7-m\libg_nano.a(lib_a-memcpy-stub.o)
 .debug_frame   0x00001ca0       0x20 c:/program files (x86)/cypress/psoc creator/4.2/psoc creator/import/gnu/arm/5.4.1/bin/../lib/gcc/arm-none-eabi/5.4.1/../../../../arm-none-eabi/lib/armv7-m\libg_nano.a(lib_a-memset.o)

.debug_str      0x00000000     0x1d6f
 *(.debug_str)
 .debug_str     0x00000000      0x3e8 .\CortexM3\ARM_GCC_541\Debug\main.o
                                0x466 (size before relaxing)
 .debug_str     0x000003e8      0x181 .\CortexM3\ARM_GCC_541\Debug\diskio.o
                                0x383 (size before relaxing)
 .debug_str     0x00000569      0x36c .\CortexM3\ARM_GCC_541\Debug\ff.o
                                0x7db (size before relaxing)
 .debug_str     0x000008d5       0x17 .\CortexM3\ARM_GCC_541\Debug\ffsystem.o
                                0x18a (size before relaxing)
 .debug_str     0x000008ec      0x1b0 .\CortexM3\ARM_GCC_541\Debug\cyfitter_cfg.o
                                0x355 (size before relaxing)
 .debug_str     0x00000a9c       0x7f .\CortexM3\ARM_GCC_541\Debug\cymetadata.o
                                0x1f5 (size before relaxing)
 .debug_str     0x00000b1b      0x13f .\CortexM3\ARM_GCC_541\Debug\Cm3Start.o
                                0x31b (size before relaxing)
 .debug_str     0x00000c5a      0x836 .\CortexM3\ARM_GCC_541\Debug\baremetal.a(CyLib.o)
                                0xa58 (size before relaxing)
 .debug_str     0x00001490      0x365 .\CortexM3\ARM_GCC_541\Debug\baremetal.a(cyPm.o)
                                0x744 (size before relaxing)
 .debug_str     0x000017f5      0x22d .\CortexM3\ARM_GCC_541\Debug\baremetal.a(SPIM_SD.o)
                                0x44a (size before relaxing)
 .debug_str     0x00001a22       0x5a .\CortexM3\ARM_GCC_541\Debug\baremetal.a(SD_CS.o)
                                0x1f3 (size before relaxing)
 .debug_str     0x00001a7c       0x44 .\CortexM3\ARM_GCC_541\Debug\baremetal.a(LED_0.o)
                                0x1f3 (size before relaxing)
 .debug_str     0x00001ac0       0x4f .\CortexM3\ARM_GCC_541\Debug\baremetal.a(LED_1.o)
                                0x1f3 (size before relaxing)
 .debug_str     0x00001b0f      0x1b4 .\CortexM3\ARM_GCC_541\Debug\baremetal.a(CyFlash.o)
                                0x3d1 (size before relaxing)
 .debug_str     0x00001cc3       0xac .\CortexM3\ARM_GCC_541\Debug\baremetal.a(CySpc.o)
                                0x349 (size before relaxing)

.debug_loc      0x00000000     0x620f
 *(.debug_loc)
 .debug_loc     0x00000000       0x29 .\CortexM3\ARM_GCC_541\Debug\main.o
 .debug_loc     0x00000029      0xbba .\CortexM3\ARM_GCC_541\Debug\diskio.o
 .debug_loc     0x00000be3     0x3a1e .\CortexM3\ARM_GCC_541\Debug\ff.o
 .debug_loc     0x00004601      0x25a .\CortexM3\ARM_GCC_541\Debug\cyfitter_cfg.o
 .debug_loc     0x0000485b      0x144 .\CortexM3\ARM_GCC_541\Debug\Cm3Start.o
 .debug_loc     0x0000499f      0xa11 .\CortexM3\ARM_GCC_541\Debug\baremetal.a(CyLib.o)
 .debug_loc     0x000053b0      0x1e4 .\CortexM3\ARM_GCC_541\Debug\baremetal.a(cyPm.o)
 .debug_loc     0x00005594       0xfe .\CortexM3\ARM_GCC_541\Debug\baremetal.a(SPIM_SD.o)
 .debug_loc     0x00005692       0x42 .\CortexM3\ARM_GCC_541\Debug\baremetal.a(SD_CS.o)
 .debug_loc     0x000056d4       0x42 .\CortexM3\ARM_GCC_541\Debug\baremetal.a(LED_0.o)
 .debug_loc     0x00005716       0x42 .\CortexM3\ARM_GCC_541\Debug\baremetal.a(LED_1.o)
 .debug_loc     0x00005758      0x3b2 .\CortexM3\ARM_GCC_541\Debug\baremetal.a(CyFlash.o)
 .debug_loc     0x00005b0a      0x705 .\CortexM3\ARM_GCC_541\Debug\baremetal.a(CySpc.o)

.debug_macinfo
 *(.debug_macinfo)

.debug_ranges   0x00000000      0x868
 *(.debug_ranges)
 .debug_ranges  0x00000000       0x10 .\CortexM3\ARM_GCC_541\Debug\main.o
 .debug_ranges  0x00000010       0x98 .\CortexM3\ARM_GCC_541\Debug\diskio.o
 .debug_ranges  0x000000a8      0x200 .\CortexM3\ARM_GCC_541\Debug\ff.o
 .debug_ranges  0x000002a8       0x48 .\CortexM3\ARM_GCC_541\Debug\cyfitter_cfg.o
 .debug_ranges  0x000002f0       0x38 .\CortexM3\ARM_GCC_541\Debug\Cm3Start.o
 .debug_ranges  0x00000328      0x290 .\CortexM3\ARM_GCC_541\Debug\baremetal.a(CyLib.o)
 .debug_ranges  0x000005b8       0x88 .\CortexM3\ARM_GCC_541\Debug\baremetal.a(cyPm.o)
 .debug_ranges  0x00000640       0xc8 .\CortexM3\ARM_GCC_541\Debug\baremetal.a(SPIM_SD.o)
 .debug_ranges  0x00000708       0x28 .\CortexM3\ARM_GCC_541\Debug\baremetal.a(SD_CS.o)
 .debug_ranges  0x00000730       0x28 .\CortexM3\ARM_GCC_541\Debug\baremetal.a(LED_0.o)
 .debug_ranges  0x00000758       0x28 .\CortexM3\ARM_GCC_541\Debug\baremetal.a(LED_1.o)
 .debug_ranges  0x00000780       0x78 .\CortexM3\ARM_GCC_541\Debug\baremetal.a(CyFlash.o)
 .debug_ranges  0x000007f8       0x70 .\CortexM3\ARM_GCC_541\Debug\baremetal.a(CySpc.o)

.comment        0x00000000       0x6e
 .comment       0x00000000       0x6e .\CortexM3\ARM_GCC_541\Debug\main.o
                                 0x6f (size before relaxing)
 .comment       0x0000006e       0x6f .\CortexM3\ARM_GCC_541\Debug\diskio.o
 .comment       0x0000006e       0x6f .\CortexM3\ARM_GCC_541\Debug\ff.o
 .comment       0x0000006e       0x6f .\CortexM3\ARM_GCC_541\Debug\ffsystem.o
 .comment       0x0000006e       0x6f .\CortexM3\ARM_GCC_541\Debug\cyfitter_cfg.o
 .comment       0x0000006e       0x6f .\CortexM3\ARM_GCC_541\Debug\cymetadata.o
 .comment       0x0000006e       0x6f .\CortexM3\ARM_GCC_541\Debug\Cm3Start.o
 .comment       0x0000006e       0x6f .\CortexM3\ARM_GCC_541\Debug\baremetal.a(CyLib.o)
 .comment       0x0000006e       0x6f .\CortexM3\ARM_GCC_541\Debug\baremetal.a(cyPm.o)
 .comment       0x0000006e       0x6f .\CortexM3\ARM_GCC_541\Debug\baremetal.a(SPIM_SD.o)
 .comment       0x0000006e       0x6f .\CortexM3\ARM_GCC_541\Debug\baremetal.a(SD_CS.o)
 .comment       0x0000006e       0x6f .\CortexM3\ARM_GCC_541\Debug\baremetal.a(LED_0.o)
 .comment       0x0000006e       0x6f .\CortexM3\ARM_GCC_541\Debug\baremetal.a(LED_1.o)
 .comment       0x0000006e       0x6f .\CortexM3\ARM_GCC_541\Debug\baremetal.a(CyFlash.o)
 .comment       0x0000006e       0x6f .\CortexM3\ARM_GCC_541\Debug\baremetal.a(CySpc.o)

.debug_weaknames
 *(.debug_weaknames)

.debug_funcnames
 *(.debug_funcnames)

.debug_typenames
 *(.debug_typenames)

.debug_varnames
 *(.debug_varnames)

.note.gnu.arm.ident
 *(.note.gnu.arm.ident)

.ARM.attributes
                0x00000000       0x29
 *(.ARM.attributes)
 .ARM.attributes
                0x00000000       0x1d c:/program files (x86)/cypress/psoc creator/4.2/psoc creator/import/gnu/arm/5.4.1/bin/../lib/gcc/arm-none-eabi/5.4.1/armv7-m/crti.o
 .ARM.attributes
                0x0000001d       0x2d c:/program files (x86)/cypress/psoc creator/4.2/psoc creator/import/gnu/arm/5.4.1/bin/../lib/gcc/arm-none-eabi/5.4.1/armv7-m/crtbegin.o
 .ARM.attributes
                0x0000004a       0x1b c:/program files (x86)/cypress/psoc creator/4.2/psoc creator/import/gnu/arm/5.4.1/bin/../lib/gcc/arm-none-eabi/5.4.1/../../../../arm-none-eabi/lib/armv7-m/crt0.o
 .ARM.attributes
                0x00000065       0x33 .\CortexM3\ARM_GCC_541\Debug\main.o
 .ARM.attributes
                0x00000098       0x33 .\CortexM3\ARM_GCC_541\Debug\diskio.o
 .ARM.attributes
                0x000000cb       0x33 .\CortexM3\ARM_GCC_541\Debug\ff.o
 .ARM.attributes
                0x000000fe       0x33 .\CortexM3\ARM_GCC_541\Debug\ffsystem.o
 .ARM.attributes
                0x00000131       0x33 .\CortexM3\ARM_GCC_541\Debug\cyfitter_cfg.o
 .ARM.attributes
                0x00000164       0x33 .\CortexM3\ARM_GCC_541\Debug\cymetadata.o
 .ARM.attributes
                0x00000197       0x33 .\CortexM3\ARM_GCC_541\Debug\Cm3Start.o
 .ARM.attributes
                0x000001ca       0x33 .\CortexM3\ARM_GCC_541\Debug\baremetal.a(CyLib.o)
 .ARM.attributes
                0x000001fd       0x33 .\CortexM3\ARM_GCC_541\Debug\baremetal.a(cyPm.o)
 .ARM.attributes
                0x00000230       0x33 .\CortexM3\ARM_GCC_541\Debug\baremetal.a(SPIM_SD.o)
 .ARM.attributes
                0x00000263       0x33 .\CortexM3\ARM_GCC_541\Debug\baremetal.a(SD_CS.o)
 .ARM.attributes
                0x00000296       0x33 .\CortexM3\ARM_GCC_541\Debug\baremetal.a(LED_0.o)
 .ARM.attributes
                0x000002c9       0x33 .\CortexM3\ARM_GCC_541\Debug\baremetal.a(LED_1.o)
 .ARM.attributes
                0x000002fc       0x21 .\CortexM3\ARM_GCC_541\Debug\baremetal.a(CyBootAsmGnu.o)
 .ARM.attributes
                0x0000031d       0x33 .\CortexM3\ARM_GCC_541\Debug\baremetal.a(CyFlash.o)
 .ARM.attributes
                0x00000350       0x33 .\CortexM3\ARM_GCC_541\Debug\baremetal.a(CySpc.o)
 .ARM.attributes
                0x00000383       0x2d c:/program files (x86)/cypress/psoc creator/4.2/psoc creator/import/gnu/arm/5.4.1/bin/../lib/gcc/arm-none-eabi/5.4.1/../../../../arm-none-eabi/lib/armv7-m\libg_nano.a(lib_a-errno.o)
 .ARM.attributes
                0x000003b0       0x2d c:/program files (x86)/cypress/psoc creator/4.2/psoc creator/import/gnu/arm/5.4.1/bin/../lib/gcc/arm-none-eabi/5.4.1/../../../../arm-none-eabi/lib/armv7-m\libg_nano.a(lib_a-exit.o)
 .ARM.attributes
                0x000003dd       0x2d c:/program files (x86)/cypress/psoc creator/4.2/psoc creator/import/gnu/arm/5.4.1/bin/../lib/gcc/arm-none-eabi/5.4.1/../../../../arm-none-eabi/lib/armv7-m\libg_nano.a(lib_a-impure.o)
 .ARM.attributes
                0x0000040a       0x2d c:/program files (x86)/cypress/psoc creator/4.2/psoc creator/import/gnu/arm/5.4.1/bin/../lib/gcc/arm-none-eabi/5.4.1/../../../../arm-none-eabi/lib/armv7-m\libg_nano.a(lib_a-init.o)
 .ARM.attributes
                0x00000437       0x2d c:/program files (x86)/cypress/psoc creator/4.2/psoc creator/import/gnu/arm/5.4.1/bin/../lib/gcc/arm-none-eabi/5.4.1/../../../../arm-none-eabi/lib/armv7-m\libg_nano.a(lib_a-memcpy-stub.o)
 .ARM.attributes
                0x00000464       0x2d c:/program files (x86)/cypress/psoc creator/4.2/psoc creator/import/gnu/arm/5.4.1/bin/../lib/gcc/arm-none-eabi/5.4.1/../../../../arm-none-eabi/lib/armv7-m\libg_nano.a(lib_a-memset.o)
 .ARM.attributes
                0x00000491       0x2d c:/program files (x86)/cypress/psoc creator/4.2/psoc creator/import/gnu/arm/5.4.1/bin/../lib/gcc/arm-none-eabi/5.4.1/armv7-m/crtend.o
 .ARM.attributes
                0x000004be       0x1d c:/program files (x86)/cypress/psoc creator/4.2/psoc creator/import/gnu/arm/5.4.1/bin/../lib/gcc/arm-none-eabi/5.4.1/armv7-m/crtn.o

/DISCARD/
 *(.note.GNU-stack)
OUTPUT(C:\Users\wa2n8\Desktop\PSoC\PSoC5LP-FatFs-with-FreeRTOS\PSoC_FatFs\baremetal.cydsn\CortexM3\ARM_GCC_541\Debug\baremetal.elf elf32-littlearm)
